Archive member included to satisfy reference by file (symbol)

C:/devkitPro/libnds/lib\libmm9.a(mm_comms.o)
                              ChromeGame.o (mmEffect)
C:/devkitPro/libnds/lib\libmm9.a(mm_memory.o)
                              ChromeGame.o (mmLoadEffect)
C:/devkitPro/libnds/lib\libmm9.a(mm_main9.o)
                              C:/devkitPro/libnds/lib\libmm9.a(mm_memory.o) (mmcbMemory)
C:/devkitPro/libnds/lib\libmm9.a(mm_soundbank.o)
                              C:/devkitPro/libnds/lib\libmm9.a(mm_main9.o) (mmSoundBankInMemory)
C:/devkitPro/libnds/lib\libmm9.a(mm_flusher.o)
                              C:/devkitPro/libnds/lib\libmm9.a(mm_memory.o) (mmFlushBank)
C:/devkitPro/libnds/lib\libfat.a(libfat.o)
                              ChromeGame.o (fatInitDefault)
C:/devkitPro/libnds/lib\libfat.a(disc.o)
                              C:/devkitPro/libnds/lib\libfat.a(libfat.o) (_FAT_disc_interfaces)
C:/devkitPro/libnds/lib\libfat.a(fatfile.o)
                              C:/devkitPro/libnds/lib\libfat.a(libfat.o) (_FAT_open_r)
C:/devkitPro/libnds/lib\libfat.a(cache.o)
                              C:/devkitPro/libnds/lib\libfat.a(fatfile.o) (_FAT_cache_readSectors)
C:/devkitPro/libnds/lib\libfat.a(fatdir.o)
                              C:/devkitPro/libnds/lib\libfat.a(libfat.o) (_FAT_stat_r)
C:/devkitPro/libnds/lib\libfat.a(directory.o)
                              C:/devkitPro/libnds/lib\libfat.a(fatfile.o) (_FAT_directory_entryGetCluster)
C:/devkitPro/libnds/lib\libfat.a(partition.o)
                              C:/devkitPro/libnds/lib\libfat.a(libfat.o) (_FAT_partition_destructor)
C:/devkitPro/libnds/lib\libfat.a(lock.o)
                              C:/devkitPro/libnds/lib\libfat.a(partition.o) (_FAT_lock_init)
C:/devkitPro/libnds/lib\libfat.a(filetime.o)
                              C:/devkitPro/libnds/lib\libfat.a(fatfile.o) (_FAT_filetime_getTimeFromRTC)
C:/devkitPro/libnds/lib\libfat.a(file_allocation_table.o)
                              C:/devkitPro/libnds/lib\libfat.a(fatfile.o) (_FAT_fat_nextCluster)
C:/devkitPro/libnds/lib\libnds9.a(background.o)
                              ChromeGame.o (bgUpdate)
C:/devkitPro/libnds/lib\libnds9.a(sassert.o)
                              ChromeGame.o (__sassert)
C:/devkitPro/libnds/lib\libnds9.a(sprite_alloc.o)
                              ChromeGame.o (oamAllocateGfx)
C:/devkitPro/libnds/lib\libnds9.a(console.o)
                              ChromeGame.o (consoleSelect)
C:/devkitPro/libnds/lib\libnds9.a(trig.o)
                              C:/devkitPro/libnds/lib\libnds9.a(background.o) (sinLerp)
C:/devkitPro/libnds/lib\libnds9.a(sprite.o)
                              ChromeGame.o (oamInit)
C:/devkitPro/libnds/lib\libnds9.a(keys.o)
                              ChromeGame.o (scanKeys)
C:/devkitPro/libnds/lib\libnds9.a(dldi.o)
                              C:/devkitPro/libnds/lib\libfat.a(disc.o) (dldiGetInternal)
C:/devkitPro/libnds/lib\libnds9.a(initSystem.o)
                              c:/devkitpro/devkitarm/bin/../lib/gcc/arm-none-eabi/10.1.0/../../../../arm-none-eabi/lib/thumb/ds_arm9_crt0.o (initSystem)
C:/devkitPro/libnds/lib\libnds9.a(timeSupport.o)
                              C:/devkitPro/libnds/lib\libnds9.a(initSystem.o) (__libnds_gtod)
C:/devkitPro/libnds/lib\libnds9.a(securearea.o)
                              c:/devkitpro/devkitarm/bin/../lib/gcc/arm-none-eabi/10.1.0/../../../../arm-none-eabi/lib/thumb/ds_arm9_crt0.o (__secure_area__)
C:/devkitPro/libnds/lib\libnds9.a(interrupts.o)
                              C:/devkitPro/libnds/lib\libnds9.a(initSystem.o) (irqInit)
C:/devkitPro/libnds/lib\libnds9.a(libnds_exit.arm.o)
                              c:/devkitpro/devkitarm/bin/../lib/gcc/arm-none-eabi/10.1.0/../../../../arm-none-eabi/lib/thumb/ds_arm9_crt0.o (__libnds_exit)
C:/devkitPro/libnds/lib\libnds9.a(fifosystem.o)
                              C:/devkitPro/libnds/lib\libmm9.a(mm_comms.o) (fifoSetValue32Handler)
C:/devkitPro/libnds/lib\libnds9.a(dcache.o)
                              C:/devkitPro/libnds/lib\libnds9.a(sprite.o) (DC_FlushRange)
C:/devkitPro/libnds/lib\libnds9.a(dldi_stub.o)
                              C:/devkitPro/libnds/lib\libnds9.a(dldi.o) (_io_dldi_stub)
C:/devkitPro/libnds/lib\libnds9.a(mpu_setup.o)
                              c:/devkitpro/devkitarm/bin/../lib/gcc/arm-none-eabi/10.1.0/../../../../arm-none-eabi/lib/thumb/ds_arm9_crt0.o (__libnds_mpu_setup)
C:/devkitPro/libnds/lib\libnds9.a(IntrWait.o)
                              ChromeGame.o (swiWaitForVBlank)
C:/devkitPro/libnds/lib\libnds9.a(cpu_clock.o)
                              C:/devkitPro/libnds/lib\libnds9.a(initSystem.o) (setCpuClock)
C:/devkitPro/libnds/lib\libnds9.a(interruptDispatcher.o)
                              C:/devkitPro/libnds/lib\libnds9.a(interrupts.o) (IntrMain)
C:/devkitPro/libnds/lib\libnds9.a(debugprint.o)
[...]
Memory Configuration

Name             Origin             Length             Attributes
ewram            0x0000000002000000 0x0000000000380000
dtcm             0x000000000b000000 0x0000000000004000
vectors          0x0000000001000000 0x0000000000000100
itcm             0x0000000001000100 0x0000000000007f00
*default*        0x0000000000000000 0xffffffffffffffff

Linker script and memory map

                0x0000000002380000                __ewram_end = (ORIGIN (ewram) + LENGTH (ewram))
                0x0000000002380000                __eheap_end = (ORIGIN (ewram) + LENGTH (ewram))
                0x000000000b004000                __dtcm_top = (ORIGIN (dtcm) + LENGTH (dtcm))
                0x000000000b003ff8                __irq_flags = (__dtcm_top - 0x8)
                0x000000000b003ffc                __irq_vector = (__dtcm_top - 0x4)
                0x000000000b003f00                __sp_svc = (__dtcm_top - 0x100)
                0x000000000b003e00                __sp_irq = (__sp_svc - 0x100)
                0x000000000b003d00                __sp_usr = (__sp_irq - 0x100)

.secure         0x0000000002000000      0x800
 *(.secure)
 .secure        0x0000000002000000      0x800 C:/devkitPro/libnds/lib\libnds9.a(securearea.o)
                0x0000000002000000                __secure_area__

.crt0           0x0000000002000800      0x300
                0x0000000002000800                __text_start = .
 *(.crt0)
 .crt0          0x0000000002000800      0x300 c:/devkitpro/devkitarm/bin/../lib/gcc/arm-none-eabi/10.1.0/../../../../arm-none-eabi/lib/thumb/ds_arm9_crt0.o
                0x0000000002000800                _start
                0x0000000002000b00                . = ALIGN (0x4)

.plt
 *(.plt)

.init           0x0000000002000b00        0xc
 *(SORT_NONE(.init))
 .init          0x0000000002000b00        0x4 c:/devkitpro/devkitarm/bin/../lib/gcc/arm-none-eabi/10.1.0/thumb/crti.o
                0x0000000002000b00                _init
 .init          0x0000000002000b04        0x8 c:/devkitpro/devkitarm/bin/../lib/gcc/arm-none-eabi/10.1.0/thumb/crtn.o

.text           0x0000000002000b40    0x174e8
 *(EXCLUDE_FILE(*.twl* *.vectors* *.itcm*) .text)
 .text          0x0000000002000b40      0x45c ChromeGame.o
                0x0000000002000b40                AddNewDecor
                0x0000000002000c28                AddNewObstacle
                0x0000000002000d48                ShowScore
                0x0000000002000e70                SetHitBox
                0x0000000002000e90                SetDayOrNightMode
                0x0000000002000f64                UpdateSprite
 .text          0x0000000002000f9c      0x24c C:/devkitPro/libnds/lib\libmm9.a(mm_comms.o)
                0x0000000002000f9c                mmSetupComms
                0x0000000002000fee                mmSendBank
                0x0000000002000ff8                mmLockChannels
                0x0000000002000ffe                mmUnlockChannels
                0x0000000002001004                mmStart
                0x000000000200100e                mmPause
                0x0000000002001012                mmResume
                0x0000000002001016                mmStop
                0x000000000200101a                mmPosition
                0x000000000200101e                mmJingle
                0x0000000002001022                mmSetModuleVolume
                0x0000000002001026                mmSetJingleVolume
                0x000000000200102a                mmSetModuleTempo
                0x000000000200102e                mmSetModulePitch
                0x0000000002001032                mmSetEffectsVolume
                0x0000000002001036                mmSelectMode
                0x000000000200103a                mmStreamBegin
                0x000000000200104e                mmStreamEnd
                0x00000000020010a4                mmEffect
                0x00000000020010c8                mmEffectVolume
                0x00000000020010cc                mmEffectPanning
                0x00000000020010d0                mmEffectRate
                0x00000000020010da                mmEffectScaleRate
                0x00000000020010e4                mmEffectRelease
                0x00000000020010ea                mmEffectCancel
                0x00000000020010f0                mmEffectEx
                0x000000000200112e                mmEffectCancelAll
                0x0000000002001132                mmReverbEnable
                0x0000000002001136                mmReverbDisable
                0x000000000200113a                mmReverbConfigure
                0x0000000002001196                mmReverbStart
                0x000000000200119a                mmReverbStop
 .text          0x00000000020011e8      0x120 C:/devkitPro/libnds/lib\libmm9.a(mm_memory.o)
                0x00000000020011e8                mmLoad
                0x0000000002001238                mmUnload
                0x0000000002001290                mmLoadEffect
                0x00000000020012c8                mmUnloadEffect
 .text          0x0000000002001308      0x108 C:/devkitPro/libnds/lib\libmm9.a(mm_main9.o)
                0x0000000002001308                mmActive
                0x000000000200130e                mmSetEventHandler
                0x0000000002001314                mmInit
                0x000000000200133e                mmInitDefault
                0x0000000002001388                mmInitDefaultMem
                0x00000000020013aa                mmSuspendIRQ_t
                0x00000000020013c8                mmRestoreIRQ_t
 .text          0x0000000002001410      0x100 C:/devkitPro/libnds/lib\libmm9.a(mm_soundbank.o)
                0x0000000002001410                mmSoundBankInMemory
                0x0000000002001418                mmSoundBankInFiles
                0x000000000200142a                mmSetCustomSoundBankHandler
                0x0000000002001456                mmsHandleFileOp
 .text          0x0000000002001510       0x3c C:/devkitPro/libnds/lib\libmm9.a(mm_flusher.o)
                0x0000000002001510                mmFlushBank
 *fill*         0x000000000200154c       0x34 ff
 .text          0x0000000002001580     0x4000 C:/devkitPro/libnds/lib\libnds9.a(dldi_stub.o)
                0x0000000002001580                _io_dldi_stub
 .text          0x0000000002005580      0x290 c:/devkitpro/devkitarm/bin/../lib/gcc/arm-none-eabi/10.1.0/thumb\libgcc.a(_arm_muldf3.o)
                0x0000000002005580                __muldf3
                0x0000000002005580                __aeabi_dmul
 .text          0x0000000002005810      0x198 c:/devkitpro/devkitarm/bin/../lib/gcc/arm-none-eabi/10.1.0/thumb\libgcc.a(_arm_mulsf3.o)
                0x0000000002005810                __aeabi_fmul
                0x0000000002005810                __mulsf3
 .text          0x00000000020059a8      0x11c c:/devkitpro/devkitarm/bin/../lib/gcc/arm-none-eabi/10.1.0/thumb\libgcc.a(_udivsi3.o)
                0x00000000020059a8                __aeabi_uidiv
                0x00000000020059a8                __udivsi3
                0x0000000002005aa4                __aeabi_uidivmod
 .text          0x0000000002005ac4      0x150 c:/devkitpro/devkitarm/bin/../lib/gcc/arm-none-eabi/10.1.0/thumb\libgcc.a(_divsi3.o)
                0x0000000002005ac4                __divsi3
                0x0000000002005ac4                __aeabi_idiv
                0x0000000002005bf4                __aeabi_idivmod
 .text          0x0000000002005c14        0x4 c:/devkitpro/devkitarm/bin/../lib/gcc/arm-none-eabi/10.1.0/thumb\libgcc.a(_dvmd_tls.o)
                0x0000000002005c14                __aeabi_idiv0
                0x0000000002005c14                __aeabi_ldiv0
 .text          0x0000000002005c18      0x424 c:/devkitpro/devkitarm/bin/../lib/gcc/arm-none-eabi/10.1.0/thumb\libgcc.a(_arm_addsubdf3.o)
                0x0000000002005c18                __aeabi_drsub
                0x0000000002005c20                __aeabi_dsub
                0x0000000002005c20                __subdf3
                0x0000000002005c24                __aeabi_dadd
                0x0000000002005c24                __adddf3
                0x0000000002005f34                __floatunsidf
                0x0000000002005f34                __aeabi_ui2d
                0x0000000002005f58                __floatsidf
                0x0000000002005f58                __aeabi_i2d
                0x0000000002005f80                __aeabi_f2d
                0x0000000002005f80                __extendsfdf2
                0x0000000002005fc8                __floatundidf
                0x0000000002005fc8                __aeabi_ul2d
                0x0000000002005fdc                __floatdidf
                0x0000000002005fdc                __aeabi_l2d
 .text          0x000000000200603c      0x144 c:/devkitpro/devkitarm/bin/../lib/gcc/arm-none-eabi/10.1.0/thumb\libgcc.a(_arm_cmpdf2.o)
                0x000000000200603c                __gtdf2
                0x000000000200603c                __gedf2
                0x0000000002006044                __ltdf2
                0x0000000002006044                __ledf2
                0x000000000200604c                __nedf2
                0x000000000200604c                __eqdf2
                0x000000000200604c                __cmpdf2
                0x00000000020060d4                __aeabi_cdrcmple
                0x00000000020060f0                __aeabi_cdcmpeq
                0x00000000020060f0                __aeabi_cdcmple
                0x0000000002006108                __aeabi_dcmpeq
                0x0000000002006120                __aeabi_dcmplt
                0x0000000002006138                __aeabi_dcmple
                0x0000000002006150                __aeabi_dcmpge
                0x0000000002006168                __aeabi_dcmpgt
 .text          0x0000000002006180       0xa0 c:/devkitpro/devkitarm/bin/../lib/gcc/arm-none-eabi/10.1.0/thumb\libgcc.a(_arm_truncdfsf2.o)
                0x0000000002006180                __truncdfsf2
                0x0000000002006180                __aeabi_d2f
 .text          0x0000000002006220      0x2ac c:/devkitpro/devkitarm/bin/../lib/gcc/arm-none-eabi/10.1.0/thumb\libgcc.a(_arm_addsubsf3.o)
                0x0000000002006220                __aeabi_frsub
                0x0000000002006228                __subsf3
                0x0000000002006228                __aeabi_fsub
                0x000000000200622c                __aeabi_fadd
                0x000000000200622c                __addsf3
                0x00000000020063e8                __aeabi_ui2f
                0x00000000020063e8                __floatunsisf
                0x00000000020063f0                __aeabi_i2f
                0x00000000020063f0                __floatsisf
                0x0000000002006410                __aeabi_ul2f
                0x0000000002006410                __floatundisf
                0x0000000002006420                __aeabi_l2f
                0x0000000002006420                __floatdisf
 .text          0x00000000020064cc      0x114 c:/devkitpro/devkitarm/bin/../lib/gcc/arm-none-eabi/10.1.0/thumb\libgcc.a(_arm_cmpsf2.o)
                0x00000000020064cc                __gesf2
                0x00000000020064cc                __gtsf2
                0x00000000020064d4                __lesf2
                0x00000000020064d4                __ltsf2
                0x00000000020064dc                __nesf2
                0x00000000020064dc                __eqsf2
                0x00000000020064dc                __cmpsf2
                0x0000000002006540                __aeabi_cfrcmple
                0x0000000002006550                __aeabi_cfcmpeq
                0x0000000002006550                __aeabi_cfcmple
                0x0000000002006568                __aeabi_fcmpeq
                0x0000000002006580                __aeabi_fcmplt
                0x0000000002006598                __aeabi_fcmple
                0x00000000020065b0                __aeabi_fcmpge
                0x00000000020065c8                __aeabi_fcmpgt
 .text          0x00000000020065e0       0x5c c:/devkitpro/devkitarm/bin/../lib/gcc/arm-none-eabi/10.1.0/thumb\libgcc.a(_arm_fixsfsi.o)
                0x00000000020065e0                __aeabi_f2iz
                0x00000000020065e0                __fixsfsi
 .text          0x000000000200663c       0xd4 c:/devkitpro/devkitarm/bin/../lib/gcc/arm-none-eabi/10.1.0/thumb\libgcc.a(_aeabi_ldivmod.o)
                0x000000000200663c                __aeabi_ldivmod
 .text          0x0000000002006710       0x28 c:/devkitpro/devkitarm/bin/../lib/gcc/arm-none-eabi/10.1.0/thumb\libgcc.a(_clzdi2.o)
                0x0000000002006710                __clzdi2
 .text          0x0000000002006738       0x48 c:/devkitpro/devkitarm/bin/../lib/gcc/arm-none-eabi/10.1.0/thumb\libgcc.a(_clzsi2.o)
                0x0000000002006738                __clzsi2
 .text          0x0000000002006780      0x224 c:/devkitpro/devkitarm/bin/../lib/gcc/arm-none-eabi/10.1.0/../../../../arm-none-eabi/lib/thumb\libg.a(lib_a-strcmp.o)
                0x0000000002006780                strcmp
 .text          0x00000000020069a4       0x14 c:/devkitpro/devkitarm/bin/../lib/gcc/arm-none-eabi/10.1.0/thumb\libgcc.a(_thumb1_case_uqi.o)
                0x00000000020069a4                __gnu_thumb1_case_uqi
 .text          0x00000000020069b8       0x14 c:/devkitpro/devkitarm/bin/../lib/gcc/arm-none-eabi/10.1.0/thumb\libgcc.a(_thumb1_case_uhi.o)
                0x00000000020069b8                __gnu_thumb1_case_uhi
 .text          0x00000000020069cc       0x3c c:/devkitpro/devkitarm/bin/../lib/gcc/arm-none-eabi/10.1.0/thumb\libgcc.a(_aeabi_uldivmod.o)
                0x00000000020069cc                __aeabi_uldivmod
 *(EXCLUDE_FILE(*.twl* *.vectors* *.itcm*) .stub)
 *(EXCLUDE_FILE(*.twl* *.vectors* *.itcm*) .text.*)
 .text.deregister_tm_clones
                0x0000000002006a08       0x2c c:/devkitpro/devkitarm/bin/../lib/gcc/arm-none-eabi/10.1.0/thumb/crtbegin.o
 .text.register_tm_clones
                0x0000000002006a34       0x34 c:/devkitpro/devkitarm/bin/../lib/gcc/arm-none-eabi/10.1.0/thumb/crtbegin.o
 .text.__do_global_dtors_aux
                0x0000000002006a68       0x30 c:/devkitpro/devkitarm/bin/../lib/gcc/arm-none-eabi/10.1.0/thumb/crtbegin.o
 .text.frame_dummy
                0x0000000002006a98       0x28 c:/devkitpro/devkitarm/bin/../lib/gcc/arm-none-eabi/10.1.0/thumb/crtbegin.o
 .text.startup  0x0000000002006ac0     0x148c ChromeGame.o
                0x0000000002006ac0                main
 .text.fatMount.part.0
                0x0000000002007f4c       0xa0 C:/devkitPro/libnds/lib\libfat.a(libfat.o)
 .text.fatMount
                0x0000000002007fec       0x3c C:/devkitPro/libnds/lib\libfat.a(libfat.o)
                0x0000000002007fec                fatMount
 .text.fatInit  0x0000000002008028      0x130 C:/devkitPro/libnds/lib\libfat.a(libfat.o)
                0x0000000002008028                fatInit
 .text.fatInitDefault
                0x0000000002008158        0xc C:/devkitPro/libnds/lib\libfat.a(libfat.o)
                0x0000000002008158                fatInitDefault
 .text._FAT_check_position_for_next_cluster.part.0
                0x0000000002008164       0x68 C:/devkitPro/libnds/lib\libfat.a(fatfile.o)
 .text._FAT_syncToDisc.part.0
                0x00000000020081cc       0xd4 C:/devkitPro/libnds/lib\libfat.a(fatfile.o)
 .text._FAT_file_extend_r
                0x00000000020082a0      0x208 C:/devkitPro/libnds/lib\libfat.a(fatfile.o)
 .text._FAT_open_r
                0x00000000020084a8      0x2d4 C:/devkitPro/libnds/lib\libfat.a(fatfile.o)
                0x00000000020084a8                _FAT_open_r
 .text._FAT_close_r
                0x000000000200877c       0x74 C:/devkitPro/libnds/lib\libfat.a(fatfile.o)
                0x000000000200877c                _FAT_close_r
 .text._FAT_read_r
                0x00000000020087f0      0x398 C:/devkitPro/libnds/lib\libfat.a(fatfile.o)
                0x00000000020087f0                _FAT_read_r
 .text._FAT_write_r
                0x0000000002008b88      0x53c C:/devkitPro/libnds/lib\libfat.a(fatfile.o)
                0x0000000002008b88                _FAT_write_r
 .text._FAT_seek_r
                0x00000000020090c4      0x194 C:/devkitPro/libnds/lib\libfat.a(fatfile.o)
                0x00000000020090c4                _FAT_seek_r
 .text._FAT_fstat_r
                0x0000000002009258       0x8c C:/devkitPro/libnds/lib\libfat.a(fatfile.o)
                0x0000000002009258                _FAT_fstat_r
 .text._FAT_ftruncate_r
                0x00000000020092e4      0x16c C:/devkitPro/libnds/lib\libfat.a(fatfile.o)
                0x00000000020092e4                _FAT_ftruncate_r
 .text._FAT_fsync_r
                0x0000000002009450       0x44 C:/devkitPro/libnds/lib\libfat.a(fatfile.o)
                0x0000000002009450                _FAT_fsync_r
 .text._FAT_cache_getPage
                0x0000000002009494       0xf0 C:/devkitPro/libnds/lib\libfat.a(cache.o)
 .text._FAT_cache_constructor
                0x0000000002009584       0x90 C:/devkitPro/libnds/lib\libfat.a(cache.o)
                0x0000000002009584                _FAT_cache_constructor
 .text._FAT_cache_readSectors
                0x0000000002009614       0x60 C:/devkitPro/libnds/lib\libfat.a(cache.o)
                0x0000000002009614                _FAT_cache_readSectors
 .text._FAT_cache_readPartialSector
                0x0000000002009674       0x3c C:/devkitPro/libnds/lib\libfat.a(cache.o)
                0x0000000002009674                _FAT_cache_readPartialSector
 .text._FAT_cache_readLittleEndianValue
                0x00000000020096b0       0x70 C:/devkitPro/libnds/lib\libfat.a(cache.o)
                0x00000000020096b0                _FAT_cache_readLittleEndianValue
 .text._FAT_cache_writePartialSector
                0x0000000002009720       0x4c C:/devkitPro/libnds/lib\libfat.a(cache.o)
                0x0000000002009720                _FAT_cache_writePartialSector
 .text._FAT_cache_writeLittleEndianValue
                0x000000000200976c       0x8c C:/devkitPro/libnds/lib\libfat.a(cache.o)
                0x000000000200976c                _FAT_cache_writeLittleEndianValue
 .text._FAT_cache_eraseWritePartialSector
                0x00000000020097f8       0x60 C:/devkitPro/libnds/lib\libfat.a(cache.o)
                0x00000000020097f8                _FAT_cache_eraseWritePartialSector
 .text._FAT_cache_writeSectors
                0x0000000002009858       0x80 C:/devkitPro/libnds/lib\libfat.a(cache.o)
                0x0000000002009858                _FAT_cache_writeSectors
 .text._FAT_cache_flush
                0x00000000020098d8       0x40 C:/devkitPro/libnds/lib\libfat.a(cache.o)
                0x00000000020098d8                _FAT_cache_flush
 .text._FAT_stat_r
                0x0000000002009918       0x90 C:/devkitPro/libnds/lib\libfat.a(fatdir.o)
                0x0000000002009918                _FAT_stat_r
 .text._FAT_link_r
                0x00000000020099a8        0xc C:/devkitPro/libnds/lib\libfat.a(fatdir.o)
                0x00000000020099a8                _FAT_link_r
 .text._FAT_unlink_r
                0x00000000020099b4      0x184 C:/devkitPro/libnds/lib\libfat.a(fatdir.o)
                0x00000000020099b4                _FAT_unlink_r
 .text._FAT_chdir_r
                0x0000000002009b38       0x70 C:/devkitPro/libnds/lib\libfat.a(fatdir.o)
                0x0000000002009b38                _FAT_chdir_r
 .text._FAT_rename_r
                0x0000000002009ba8      0x1c4 C:/devkitPro/libnds/lib\libfat.a(fatdir.o)
                0x0000000002009ba8                _FAT_rename_r
 .text._FAT_mkdir_r
                0x0000000002009d6c      0x244 C:/devkitPro/libnds/lib\libfat.a(fatdir.o)
                0x0000000002009d6c                _FAT_mkdir_r
 .text._FAT_statvfs_r
                0x0000000002009fb0       0x78 C:/devkitPro/libnds/lib\libfat.a(fatdir.o)
                0x0000000002009fb0                _FAT_statvfs_r
 .text._FAT_diropen_r
                0x000000000200a028       0xb0 C:/devkitPro/libnds/lib\libfat.a(fatdir.o)
                0x000000000200a028                _FAT_diropen_r
 .text._FAT_dirreset_r
                0x000000000200a0d8       0x4c C:/devkitPro/libnds/lib\libfat.a(fatdir.o)
                0x000000000200a0d8                _FAT_dirreset_r
 .text._FAT_dirnext_r
                0x000000000200a124       0x7c C:/devkitPro/libnds/lib\libfat.a(fatdir.o)
                0x000000000200a124                _FAT_dirnext_r
 .text._FAT_dirclose_r
                0x000000000200a1a0       0x20 C:/devkitPro/libnds/lib\libfat.a(fatdir.o)
                0x000000000200a1a0                _FAT_dirclose_r
 .text._FAT_directory_entryGetAlias
                0x000000000200a1c0       0xc8 C:/devkitPro/libnds/lib\libfat.a(directory.o)
 .text._FAT_directory_incrementDirEntryPosition
                0x000000000200a288       0x80 C:/devkitPro/libnds/lib\libfat.a(directory.o)
 .text._FAT_directory_mbsncasecmp
                0x000000000200a308       0xa8 C:/devkitPro/libnds/lib\libfat.a(directory.o)
 .text._FAT_directory_ucs2tombs.constprop.0
                0x000000000200a3b0       0x90 C:/devkitPro/libnds/lib\libfat.a(directory.o)
 .text._FAT_directory_entryGetCluster
                0x000000000200a440       0x20 C:/devkitPro/libnds/lib\libfat.a(directory.o)
                0x000000000200a440                _FAT_directory_entryGetCluster
 .text._FAT_directory_getNextEntry
                0x000000000200a460      0x23c C:/devkitPro/libnds/lib\libfat.a(directory.o)
                0x000000000200a460                _FAT_directory_getNextEntry
 .text._FAT_directory_entryExists
                0x000000000200a69c       0x80 C:/devkitPro/libnds/lib\libfat.a(directory.o)
 .text._FAT_directory_getFirstEntry
                0x000000000200a71c       0x20 C:/devkitPro/libnds/lib\libfat.a(directory.o)
                0x000000000200a71c                _FAT_directory_getFirstEntry
 .text._FAT_directory_getRootEntry
                0x000000000200a73c       0x60 C:/devkitPro/libnds/lib\libfat.a(directory.o)
                0x000000000200a73c                _FAT_directory_getRootEntry
 .text._FAT_directory_entryFromPosition
                0x000000000200a79c      0x150 C:/devkitPro/libnds/lib\libfat.a(directory.o)
                0x000000000200a79c                _FAT_directory_entryFromPosition
 .text._FAT_directory_entryFromPath
                0x000000000200a8ec      0x248 C:/devkitPro/libnds/lib\libfat.a(directory.o)
                0x000000000200a8ec                _FAT_directory_entryFromPath
 .text._FAT_directory_removeEntry
                0x000000000200ab34       0xd8 C:/devkitPro/libnds/lib\libfat.a(directory.o)
                0x000000000200ab34                _FAT_directory_removeEntry
 .text._FAT_directory_addEntry
                0x000000000200ac0c      0x808 C:/devkitPro/libnds/lib\libfat.a(directory.o)
                0x000000000200ac0c                _FAT_directory_addEntry
 .text._FAT_directory_chdir
                0x000000000200b414       0x3c C:/devkitPro/libnds/lib\libfat.a(directory.o)
                0x000000000200b414                _FAT_directory_chdir
 .text._FAT_directory_entryStat
                0x000000000200b450       0xe4 C:/devkitPro/libnds/lib\libfat.a(directory.o)
                0x000000000200b450                _FAT_directory_entryStat
 .text.isValidMBR
                0x000000000200b534       0x5c C:/devkitPro/libnds/lib\libfat.a(partition.o)
 .text._FAT_updateFS_INFO
                0x000000000200b590       0x54 C:/devkitPro/libnds/lib\libfat.a(partition.o)
 .text.FindFirstValidPartition_buf.part.0
                0x000000000200b5e4      0x11c C:/devkitPro/libnds/lib\libfat.a(partition.o)
 .text._FAT_partition_getPartitionFromPath
                0x000000000200b700       0x10 C:/devkitPro/libnds/lib\libfat.a(partition.o)
                0x000000000200b700                _FAT_partition_getPartitionFromPath
 .text._FAT_partition_createFSinfo
                0x000000000200b710       0x50 C:/devkitPro/libnds/lib\libfat.a(partition.o)
                0x000000000200b710                _FAT_partition_createFSinfo
 .text._FAT_partition_readFSinfo.part.0
                0x000000000200b760       0x74 C:/devkitPro/libnds/lib\libfat.a(partition.o)
 .text._FAT_partition_constructor_buf
                0x000000000200b7d4      0x2e8 C:/devkitPro/libnds/lib\libfat.a(partition.o)
                0x000000000200b7d4                _FAT_partition_constructor_buf
 .text._FAT_partition_constructor
                0x000000000200babc       0x40 C:/devkitPro/libnds/lib\libfat.a(partition.o)
                0x000000000200babc                _FAT_partition_constructor
 .text._FAT_partition_readFSinfo
                0x000000000200bafc       0x10 C:/devkitPro/libnds/lib\libfat.a(partition.o)
                0x000000000200bafc                _FAT_partition_readFSinfo
 .text._FAT_lock_init
                0x000000000200bb0c        0x4 C:/devkitPro/libnds/lib\libfat.a(lock.o)
                0x000000000200bb0c                _FAT_lock_init
 .text._FAT_lock
                0x000000000200bb10        0x4 C:/devkitPro/libnds/lib\libfat.a(lock.o)
                0x000000000200bb10                _FAT_lock
 .text._FAT_unlock
                0x000000000200bb14        0x4 C:/devkitPro/libnds/lib\libfat.a(lock.o)
                0x000000000200bb14                _FAT_unlock
 .text._FAT_filetime_getTimeFromRTC
                0x000000000200bb18       0x44 C:/devkitPro/libnds/lib\libfat.a(filetime.o)
                0x000000000200bb18                _FAT_filetime_getTimeFromRTC
 .text._FAT_filetime_getDateFromRTC
                0x000000000200bb5c       0x44 C:/devkitPro/libnds/lib\libfat.a(filetime.o)
                0x000000000200bb5c                _FAT_filetime_getDateFromRTC
 .text._FAT_filetime_to_time_t
                0x000000000200bba0       0x38 C:/devkitPro/libnds/lib\libfat.a(filetime.o)
                0x000000000200bba0                _FAT_filetime_to_time_t
 .text._FAT_fat_writeFatEntry.part.0.isra.0
                0x000000000200bbd8      0x12c C:/devkitPro/libnds/lib\libfat.a(file_allocation_table.o)
 .text._FAT_fat_nextCluster
                0x000000000200bd04      0x108 C:/devkitPro/libnds/lib\libfat.a(file_allocation_table.o)
                0x000000000200bd04                _FAT_fat_nextCluster
 .text._FAT_fat_linkFreeCluster
                0x000000000200be0c       0xac C:/devkitPro/libnds/lib\libfat.a(file_allocation_table.o)
                0x000000000200be0c                _FAT_fat_linkFreeCluster
 .text._FAT_fat_linkFreeClusterCleared
                0x000000000200beb8       0x68 C:/devkitPro/libnds/lib\libfat.a(file_allocation_table.o)
                0x000000000200beb8                _FAT_fat_linkFreeClusterCleared
 .text._FAT_fat_clearLinks
                0x000000000200bf20       0x7c C:/devkitPro/libnds/lib\libfat.a(file_allocation_table.o)
                0x000000000200bf20                _FAT_fat_clearLinks
 .text._FAT_fat_trimChain
                0x000000000200bf9c       0x80 C:/devkitPro/libnds/lib\libfat.a(file_allocation_table.o)
                0x000000000200bf9c                _FAT_fat_trimChain
 .text._FAT_fat_lastCluster
                0x000000000200c01c       0x34 C:/devkitPro/libnds/lib\libfat.a(file_allocation_table.o)
                0x000000000200c01c                _FAT_fat_lastCluster
 .text._FAT_fat_freeClusterCount
                0x000000000200c050       0x2c C:/devkitPro/libnds/lib\libfat.a(file_allocation_table.o)
                0x000000000200c050                _FAT_fat_freeClusterCount
 .text.checkIfText
                0x000000000200c07c       0x5c C:/devkitPro/libnds/lib\libnds9.a(background.o)
                0x000000000200c07c                checkIfText
 .text.bgUpdate
                0x000000000200c0d8       0xf4 C:/devkitPro/libnds/lib\libnds9.a(background.o)
                0x000000000200c0d8                bgUpdate
 .text.bgInit_call
                0x000000000200c1cc       0xc4 C:/devkitPro/libnds/lib\libnds9.a(background.o)
                0x000000000200c1cc                bgInit_call
 .text.bgInitSub_call
                0x000000000200c290       0xcc C:/devkitPro/libnds/lib\libnds9.a(background.o)
                0x000000000200c290                bgInitSub_call
 .text.__sassert
                0x000000000200c35c       0x38 C:/devkitPro/libnds/lib\libnds9.a(sassert.o)
                0x000000000200c35c                __sassert
 .text.oamAllocReset
                0x000000000200c394       0x1c C:/devkitPro/libnds/lib\libnds9.a(sprite_alloc.o)
                0x000000000200c394                oamAllocReset
 .text.oamAllocateGfx
                0x000000000200c3b0      0x510 C:/devkitPro/libnds/lib\libnds9.a(sprite_alloc.o)
                0x000000000200c3b0                oamAllocateGfx
 .text.newRow   0x000000000200c8c0       0xb0 C:/devkitPro/libnds/lib\libnds9.a(console.o)
 .text.consoleSelect
                0x000000000200c970       0x10 C:/devkitPro/libnds/lib\libnds9.a(console.o)
                0x000000000200c970                consoleSelect
 .text.consolePrintChar
                0x000000000200c980       0xec C:/devkitPro/libnds/lib\libnds9.a(console.o)
                0x000000000200c980                consolePrintChar
 .text.con_write
                0x000000000200ca6c      0x374 C:/devkitPro/libnds/lib\libnds9.a(console.o)
                0x000000000200ca6c                con_write
 .text.consoleLoadFont
                0x000000000200cde0      0x2a8 C:/devkitPro/libnds/lib\libnds9.a(console.o)
                0x000000000200cde0                consoleLoadFont
 .text.consoleInit
                0x000000000200d088      0x194 C:/devkitPro/libnds/lib\libnds9.a(console.o)
                0x000000000200d088                consoleInit
 .text.consoleDemoInit
                0x000000000200d21c       0x40 C:/devkitPro/libnds/lib\libnds9.a(console.o)
                0x000000000200d21c                consoleDemoInit
 .text.sinLutLookup
                0x000000000200d25c       0x38 C:/devkitPro/libnds/lib\libnds9.a(trig.o)
                0x000000000200d25c                sinLutLookup
 .text.sinLerp  0x000000000200d294       0x40 C:/devkitPro/libnds/lib\libnds9.a(trig.o)
                0x000000000200d294                sinLerp
 .text.cosLerp  0x000000000200d2d4       0x4c C:/devkitPro/libnds/lib\libnds9.a(trig.o)
                0x000000000200d2d4                cosLerp
 .text.oamInit  0x000000000200d320      0x118 C:/devkitPro/libnds/lib\libnds9.a(sprite.o)
                0x000000000200d320                oamInit
 .text.oamGetGfxPtr
                0x000000000200d438       0x38 C:/devkitPro/libnds/lib\libnds9.a(sprite.o)
                0x000000000200d438                oamGetGfxPtr
 .text.oamGfxPtrToOffset
                0x000000000200d470       0x34 C:/devkitPro/libnds/lib\libnds9.a(sprite.o)
                0x000000000200d470                oamGfxPtrToOffset
 .text.oamSet   0x000000000200d4a4      0x11c C:/devkitPro/libnds/lib\libnds9.a(sprite.o)
                0x000000000200d4a4                oamSet
 .text.oamUpdate
                0x000000000200d5c0       0x60 C:/devkitPro/libnds/lib\libnds9.a(sprite.o)
                0x000000000200d5c0                oamUpdate
 .text.oamRotateScale
                0x000000000200d620       0x4c C:/devkitPro/libnds/lib\libnds9.a(sprite.o)
                0x000000000200d620                oamRotateScale
 .text.scanKeys
                0x000000000200d66c       0x8c C:/devkitPro/libnds/lib\libnds9.a(keys.o)
                0x000000000200d66c                scanKeys
 .text.keysHeld
                0x000000000200d6f8        0xc C:/devkitPro/libnds/lib\libnds9.a(keys.o)
                0x000000000200d6f8                keysHeld
 .text.keysDown
                0x000000000200d704       0x14 C:/devkitPro/libnds/lib\libnds9.a(keys.o)
                0x000000000200d704                keysDown
 .text.keysUp   0x000000000200d718       0x18 C:/devkitPro/libnds/lib\libnds9.a(keys.o)
                0x000000000200d718                keysUp
 .text.dldiGetInternal
                0x000000000200d730       0x34 C:/devkitPro/libnds/lib\libnds9.a(dldi.o)
                0x000000000200d730                dldiGetInternal
 .text.get_io_dsisd
                0x000000000200d764       0x24 C:/devkitPro/libnds/lib\libnds9.a(dldi.o)
                0x000000000200d764                get_io_dsisd
 .text.initSystem
                0x000000000200d788      0x198 C:/devkitPro/libnds/lib\libnds9.a(initSystem.o)
                0x000000000200d788                initSystem
 .text.__libnds_gtod
                0x000000000200d920       0x28 C:/devkitPro/libnds/lib\libnds9.a(timeSupport.o)
                0x000000000200d920                __libnds_gtod
 .text.irqDummy
                0x000000000200d948        0x4 C:/devkitPro/libnds/lib\libnds9.a(interrupts.o)
                0x000000000200d948                irqDummy
 .text.irqSet   0x000000000200d94c       0x6c C:/devkitPro/libnds/lib\libnds9.a(interrupts.o)
                0x000000000200d94c                irqSet
 .text.irqInit  0x000000000200d9b8       0x50 C:/devkitPro/libnds/lib\libnds9.a(interrupts.o)
                0x000000000200d9b8                irqInit
 .text.irqEnable
                0x000000000200da08       0x64 C:/devkitPro/libnds/lib\libnds9.a(interrupts.o)
                0x000000000200da08                irqEnable
 .text.systemErrorExit
                0x000000000200da6c        0x4 C:/devkitPro/libnds/lib\libnds9.a(libnds_exit.arm.o)
                0x000000000200da6c                systemErrorExit
 .text.__libnds_exit
                0x000000000200da70       0x5c C:/devkitPro/libnds/lib\libnds9.a(libnds_exit.arm.o)
                0x000000000200da70                __libnds_exit
 .text.fifo_queueBlock
                0x000000000200dacc       0x44 C:/devkitPro/libnds/lib\libnds9.a(fifosystem.o)
 .text.fifo_waitBlock
                0x000000000200db10       0x80 C:/devkitPro/libnds/lib\libnds9.a(fifosystem.o)
 .text.fifoInternalSend.part.0
                0x000000000200db90       0xd4 C:/devkitPro/libnds/lib\libnds9.a(fifosystem.o)
 .text.fifoInternalSendInterrupt
                0x000000000200dc64       0xa8 C:/devkitPro/libnds/lib\libnds9.a(fifosystem.o)
 .text.fifoSetValue32Handler
                0x000000000200dd0c       0xd8 C:/devkitPro/libnds/lib\libnds9.a(fifosystem.o)
                0x000000000200dd0c                fifoSetValue32Handler
 .text.fifoSendValue32
                0x000000000200dde4       0x4c C:/devkitPro/libnds/lib\libnds9.a(fifosystem.o)
                0x000000000200dde4                fifoSendValue32
 .text.fifoSendDatamsg
                0x000000000200de30       0x90 C:/devkitPro/libnds/lib\libnds9.a(fifosystem.o)
                0x000000000200de30                fifoSendDatamsg
 .text.fifoGetValue32
                0x000000000200dec0       0x70 C:/devkitPro/libnds/lib\libnds9.a(fifosystem.o)
                0x000000000200dec0                fifoGetValue32
 .text.fifoGetDatamsg
                0x000000000200df30       0xf4 C:/devkitPro/libnds/lib\libnds9.a(fifosystem.o)
                0x000000000200df30                fifoGetDatamsg
 .text.fifoInternalRecvInterrupt
                0x000000000200e024      0x380 C:/devkitPro/libnds/lib\libnds9.a(fifosystem.o)
 .text.fifoSetDatamsgHandler
                0x000000000200e3a4       0x9c C:/devkitPro/libnds/lib\libnds9.a(fifosystem.o)
                0x000000000200e3a4                fifoSetDatamsgHandler
 .text.fifoCheckValue32
                0x000000000200e440       0x24 C:/devkitPro/libnds/lib\libnds9.a(fifosystem.o)
                0x000000000200e440                fifoCheckValue32
 .text.fifoInit
                0x000000000200e464       0xf8 C:/devkitPro/libnds/lib\libnds9.a(fifosystem.o)
                0x000000000200e464                fifoInit
 .text.DC_FlushRange
                0x000000000200e55c       0x24 C:/devkitPro/libnds/lib\libnds9.a(dcache.o)
                0x000000000200e55c                DC_FlushRange
 .text.__libnds_mpu_setup
                0x000000000200e580      0x174 C:/devkitPro/libnds/lib\libnds9.a(mpu_setup.o)
                0x000000000200e580                __libnds_mpu_setup
 .text.memUncached
                0x000000000200e6f4       0x20 C:/devkitPro/libnds/lib\libnds9.a(mpu_setup.o)
                0x000000000200e6f4                memUncached
 .text.swiWaitForVBlank
                0x000000000200e714        0x8 C:/devkitPro/libnds/lib\libnds9.a(IntrWait.o)
                0x000000000200e714                swiWaitForVBlank
 .text.swiIntrWait
                0x000000000200e71c       0x70 C:/devkitPro/libnds/lib\libnds9.a(IntrWait.o)
                0x000000000200e71c                swiIntrWait
 .text.setCpuClock
                0x000000000200e78c       0x50 C:/devkitPro/libnds/lib\libnds9.a(cpu_clock.o)
                0x000000000200e78c                setCpuClock
 .text.swiSoftReset
                0x000000000200e7dc       0x2c C:/devkitPro/libnds/lib\libnds9.a(swiSoftReset.o)
                0x000000000200e7dc                swiSoftReset
 .text.vramDefault
                0x000000000200e808       0xd0 C:/devkitPro/libnds/lib\libnds9.a(video.o)
                0x000000000200e808                vramDefault
 .text.systemValueHandler
                0x000000000200e8d8       0x48 C:/devkitPro/libnds/lib\libnds9.a(system.o)
                0x000000000200e8d8                systemValueHandler
 .text.systemMsgHandler
                0x000000000200e920       0x60 C:/devkitPro/libnds/lib\libnds9.a(system.o)
                0x000000000200e920                systemMsgHandler
 .text.powerOn  0x000000000200e980       0x2c C:/devkitPro/libnds/lib\libnds9.a(system.o)
                0x000000000200e980                powerOn
 .text.swiDelay
                0x000000000200e9ac        0x4 C:/devkitPro/libnds/lib\libnds9.a(biosCalls.o)
                0x000000000200e9ac                swiDelay
 .text.__muldi3
                0x000000000200e9b0       0x54 c:/devkitpro/devkitarm/bin/../lib/gcc/arm-none-eabi/10.1.0/thumb\libgcc.a(_muldi3.o)
                0x000000000200e9b0                __muldi3
                0x000000000200e9b0                __aeabi_lmul
 .text.__udivmoddi4
                0x000000000200ea04      0x19c c:/devkitpro/devkitarm/bin/../lib/gcc/arm-none-eabi/10.1.0/thumb\libgcc.a(_udivmoddi4.o)
                0x000000000200ea04                __udivmoddi4
 .text.calloc   0x000000000200eba0       0x18 c:/devkitpro/devkitarm/bin/../lib/gcc/arm-none-eabi/10.1.0/../../../../arm-none-eabi/lib/thumb\libg.a(lib_a-calloc.o)
                0x000000000200eba0                calloc
 .text._calloc_r
                0x000000000200ebb8       0x60 c:/devkitpro/devkitarm/bin/../lib/gcc/arm-none-eabi/10.1.0/../../../../arm-none-eabi/lib/thumb\libg.a(lib_a-callocr.o)
                0x000000000200ebb8                _calloc_r
 .text._fclose_r
                0x000000000200ec18       0xe8 c:/devkitpro/devkitarm/bin/../lib/gcc/arm-none-eabi/10.1.0/../../../../arm-none-eabi/lib/thumb\libg.a(lib_a-fclose.o)
                0x000000000200ec18                _fclose_r
 .text.fclose   0x000000000200ed00       0x14 c:/devkitpro/devkitarm/bin/../lib/gcc/arm-none-eabi/10.1.0/../../../../arm-none-eabi/lib/thumb\libg.a(lib_a-fclose.o)
                0x000000000200ed00                fclose
 .text.__sflush_r
                0x000000000200ed14      0x1c0 c:/devkitpro/devkitarm/bin/../lib/gcc/arm-none-eabi/10.1.0/../../../../arm-none-eabi/lib/thumb\libg.a(lib_a-fflush.o)
                0x000000000200ed14                __sflush_r
 .text._fflush_r
                0x000000000200eed4       0x70 c:/devkitpro/devkitarm/bin/../lib/gcc/arm-none-eabi/10.1.0/../../../../arm-none-eabi/lib/thumb\libg.a(lib_a-fflush.o)
                0x000000000200eed4                _fflush_r
 .text.fflush   0x000000000200ef44       0x2c c:/devkitpro/devkitarm/bin/../lib/gcc/arm-none-eabi/10.1.0/../../../../arm-none-eabi/lib/thumb\libg.a(lib_a-fflush.o)
                0x000000000200ef44                fflush
 .text._cleanup_r
                0x000000000200ef70       0x14 c:/devkitpro/devkitarm/bin/../lib/gcc/arm-none-eabi/10.1.0/../../../../arm-none-eabi/lib/thumb\libg.a(lib_a-findfp.o)
                0x000000000200ef70                _cleanup_r
 .text.__sinit  0x000000000200ef84      0x124 c:/devkitpro/devkitarm/bin/../lib/gcc/arm-none-eabi/10.1.0/../../../../arm-none-eabi/lib/thumb\libg.a(lib_a-findfp.o)
                0x000000000200ef84                __sinit
 .text.__sfp    0x000000000200f0a8       0xdc c:/devkitpro/devkitarm/bin/../lib/gcc/arm-none-eabi/10.1.0/../../../../arm-none-eabi/lib/thumb\libg.a(lib_a-findfp.o)
                0x000000000200f0a8                __sfp
 .text.__sfp_lock_acquire
                0x000000000200f184       0x14 c:/devkitpro/devkitarm/bin/../lib/gcc/arm-none-eabi/10.1.0/../../../../arm-none-eabi/lib/thumb\libg.a(lib_a-findfp.o)
                0x000000000200f184                __sfp_lock_acquire
 .text.__sfp_lock_release
                0x000000000200f198       0x14 c:/devkitpro/devkitarm/bin/../lib/gcc/arm-none-eabi/10.1.0/../../../../arm-none-eabi/lib/thumb\libg.a(lib_a-findfp.o)
                0x000000000200f198                __sfp_lock_release
 .text._fopen_r
                0x000000000200f1ac       0xb8 c:/devkitpro/devkitarm/bin/../lib/gcc/arm-none-eabi/10.1.0/../../../../arm-none-eabi/lib/thumb\libg.a(lib_a-fopen.o)
                0x000000000200f1ac                _fopen_r
 .text.fopen    0x000000000200f264       0x18 c:/devkitpro/devkitarm/bin/../lib/gcc/arm-none-eabi/10.1.0/../../../../arm-none-eabi/lib/thumb\libg.a(lib_a-fopen.o)
                0x000000000200f264                fopen
 .text._fread_r
                0x000000000200f27c      0x1f0 c:/devkitpro/devkitarm/bin/../lib/gcc/arm-none-eabi/10.1.0/../../../../arm-none-eabi/lib/thumb\libg.a(lib_a-fread.o)
                0x000000000200f27c                _fread_r
 .text.fread    0x000000000200f46c       0x24 c:/devkitpro/devkitarm/bin/../lib/gcc/arm-none-eabi/10.1.0/../../../../arm-none-eabi/lib/thumb\libg.a(lib_a-fread.o)
                0x000000000200f46c                fread
 .text._malloc_trim_r
                0x000000000200f490       0xa0 c:/devkitpro/devkitarm/bin/../lib/gcc/arm-none-eabi/10.1.0/../../../../arm-none-eabi/lib/thumb\libg.a(lib_a-freer.o)
                0x000000000200f490                _malloc_trim_r
 .text._free_r  0x000000000200f530      0x1e0 c:/devkitpro/devkitarm/bin/../lib/gcc/arm-none-eabi/10.1.0/../../../../arm-none-eabi/lib/thumb\libg.a(lib_a-freer.o)
                0x000000000200f530                _free_r
 .text._fseek_r
                0x000000000200f710       0x18 c:/devkitpro/devkitarm/bin/../lib/gcc/arm-none-eabi/10.1.0/../../../../arm-none-eabi/lib/thumb\libg.a(lib_a-fseek.o)
                0x000000000200f710                _fseek_r
 .text.fseek    0x000000000200f728       0x24 c:/devkitpro/devkitarm/bin/../lib/gcc/arm-none-eabi/10.1.0/../../../../arm-none-eabi/lib/thumb\libg.a(lib_a-fseek.o)
                0x000000000200f728                fseek
 .text._fseeko_r
                0x000000000200f74c      0x39c c:/devkitpro/devkitarm/bin/../lib/gcc/arm-none-eabi/10.1.0/../../../../arm-none-eabi/lib/thumb\libg.a(lib_a-fseeko.o)
                0x000000000200f74c                _fseeko_r
 .text._ftello_r
                0x000000000200fae8      0x118 c:/devkitpro/devkitarm/bin/../lib/gcc/arm-none-eabi/10.1.0/../../../../arm-none-eabi/lib/thumb\libg.a(lib_a-ftello.o)
                0x000000000200fae8                _ftello_r
 .text._fwalk   0x000000000200fc00       0x48 c:/devkitpro/devkitarm/bin/../lib/gcc/arm-none-eabi/10.1.0/../../../../arm-none-eabi/lib/thumb\libg.a(lib_a-fwalk.o)
                0x000000000200fc00                _fwalk
 .text._fwalk_reent
                0x000000000200fc48       0x50 c:/devkitpro/devkitarm/bin/../lib/gcc/arm-none-eabi/10.1.0/../../../../arm-none-eabi/lib/thumb\libg.a(lib_a-fwalk.o)
                0x000000000200fc48                _fwalk_reent
 .text._fwrite_r
                0x000000000200fc98       0x94 c:/devkitpro/devkitarm/bin/../lib/gcc/arm-none-eabi/10.1.0/../../../../arm-none-eabi/lib/thumb\libg.a(lib_a-fwrite.o)
                0x000000000200fc98                _fwrite_r
 .text.fwrite   0x000000000200fd2c       0x24 c:/devkitpro/devkitarm/bin/../lib/gcc/arm-none-eabi/10.1.0/../../../../arm-none-eabi/lib/thumb\libg.a(lib_a-fwrite.o)
                0x000000000200fd2c                fwrite
 .text.__libc_init_array
                0x000000000200fd50       0x50 c:/devkitpro/devkitarm/bin/../lib/gcc/arm-none-eabi/10.1.0/../../../../arm-none-eabi/lib/thumb\libg.a(lib_a-init.o)
                0x000000000200fd50                __libc_init_array
 .text.iprintf  0x000000000200fda0       0x24 c:/devkitpro/devkitarm/bin/../lib/gcc/arm-none-eabi/10.1.0/../../../../arm-none-eabi/lib/thumb\libg.a(lib_a-iprintf.o)
                0x000000000200fda0                iprintf
 .text.localtime_r
                0x000000000200fdc4      0x244 c:/devkitpro/devkitarm/bin/../lib/gcc/arm-none-eabi/10.1.0/../../../../arm-none-eabi/lib/thumb\libg.a(lib_a-lcltime_r.o)
                0x000000000200fdc4                localtime_r
 .text.__locale_mb_cur_max
                0x0000000002010008       0x10 c:/devkitpro/devkitarm/bin/../lib/gcc/arm-none-eabi/10.1.0/../../../../arm-none-eabi/lib/thumb\libg.a(lib_a-locale.o)
                0x0000000002010008                __locale_mb_cur_max
 .text.__smakebuf_r
                0x0000000002010018       0xec c:/devkitpro/devkitarm/bin/../lib/gcc/arm-none-eabi/10.1.0/../../../../arm-none-eabi/lib/thumb\libg.a(lib_a-makebuf.o)
                0x0000000002010018                __smakebuf_r
 .text.__swhatbuf_r
                0x0000000002010104       0x64 c:/devkitpro/devkitarm/bin/../lib/gcc/arm-none-eabi/10.1.0/../../../../arm-none-eabi/lib/thumb\libg.a(lib_a-makebuf.o)
                0x0000000002010104                __swhatbuf_r
 .text.malloc   0x0000000002010168       0x14 c:/devkitpro/devkitarm/bin/../lib/gcc/arm-none-eabi/10.1.0/../../../../arm-none-eabi/lib/thumb\libg.a(lib_a-malloc.o)
                0x0000000002010168                malloc
 .text.free     0x000000000201017c       0x14 c:/devkitpro/devkitarm/bin/../lib/gcc/arm-none-eabi/10.1.0/../../../../arm-none-eabi/lib/thumb\libg.a(lib_a-malloc.o)
                0x000000000201017c                free
 .text._malloc_r
                0x0000000002010190      0x59c c:/devkitpro/devkitarm/bin/../lib/gcc/arm-none-eabi/10.1.0/../../../../arm-none-eabi/lib/thumb\libg.a(lib_a-mallocr.o)
                0x0000000002010190                _malloc_r
 .text._mbrtowc_r
                0x000000000201072c       0x60 c:/devkitpro/devkitarm/bin/../lib/gcc/arm-none-eabi/10.1.0/../../../../arm-none-eabi/lib/thumb\libg.a(lib_a-mbrtowc.o)
                0x000000000201072c                _mbrtowc_r
 .text.mbrtowc  0x000000000201078c       0x80 c:/devkitpro/devkitarm/bin/../lib/gcc/arm-none-eabi/10.1.0/../../../../arm-none-eabi/lib/thumb\libg.a(lib_a-mbrtowc.o)
                0x000000000201078c                mbrtowc
 .text.mbsrtowcs
                0x000000000201080c       0x28 c:/devkitpro/devkitarm/bin/../lib/gcc/arm-none-eabi/10.1.0/../../../../arm-none-eabi/lib/thumb\libg.a(lib_a-mbsrtowcs.o)
                0x000000000201080c                mbsrtowcs
 .text.__utf8_mbtowc
                0x0000000002010834      0x280 c:/devkitpro/devkitarm/bin/../lib/gcc/arm-none-eabi/10.1.0/../../../../arm-none-eabi/lib/thumb\libg.a(lib_a-mbtowc_r.o)
                0x0000000002010834                __utf8_mbtowc
 .text.memcmp   0x0000000002010ab4       0x4c c:/devkitpro/devkitarm/bin/../lib/gcc/arm-none-eabi/10.1.0/../../../../arm-none-eabi/lib/thumb\libg.a(lib_a-memcmp.o)
                0x0000000002010ab4                memcmp
 .text.memcpy   0x0000000002010b00       0xa8 c:/devkitpro/devkitarm/bin/../lib/gcc/arm-none-eabi/10.1.0/../../../../arm-none-eabi/lib/thumb\libg.a(lib_a-memcpy-stub.o)
                0x0000000002010b00                memcpy
 .text.memmove  0x0000000002010ba8       0xbc c:/devkitpro/devkitarm/bin/../lib/gcc/arm-none-eabi/10.1.0/../../../../arm-none-eabi/lib/thumb\libg.a(lib_a-memmove.o)
                0x0000000002010ba8                memmove
 .text.memset   0x0000000002010c64       0xb0 c:/devkitpro/devkitarm/bin/../lib/gcc/arm-none-eabi/10.1.0/../../../../arm-none-eabi/lib/thumb\libg.a(lib_a-memset.o)
                0x0000000002010c64                memset
 .text.validate_structure
                0x0000000002010d14      0x1e8 c:/devkitpro/devkitarm/bin/../lib/gcc/arm-none-eabi/10.1.0/../../../../arm-none-eabi/lib/thumb\libg.a(lib_a-mktime.o)
 .text.mktime   0x0000000002010efc      0x450 c:/devkitpro/devkitarm/bin/../lib/gcc/arm-none-eabi/10.1.0/../../../../arm-none-eabi/lib/thumb\libg.a(lib_a-mktime.o)
                0x0000000002010efc                mktime
 .text.__malloc_lock
                0x000000000201134c       0x14 c:/devkitpro/devkitarm/bin/../lib/gcc/arm-none-eabi/10.1.0/../../../../arm-none-eabi/lib/thumb\libg.a(lib_a-mlock.o)
                0x000000000201134c                __malloc_lock
 .text.__malloc_unlock
                0x0000000002011360       0x14 c:/devkitpro/devkitarm/bin/../lib/gcc/arm-none-eabi/10.1.0/../../../../arm-none-eabi/lib/thumb\libg.a(lib_a-mlock.o)
                0x0000000002011360                __malloc_unlock
 .text.srand    0x0000000002011374       0x18 c:/devkitpro/devkitarm/bin/../lib/gcc/arm-none-eabi/10.1.0/../../../../arm-none-eabi/lib/thumb\libg.a(lib_a-rand.o)
                0x0000000002011374                srand
 .text.rand     0x000000000201138c       0x34 c:/devkitpro/devkitarm/bin/../lib/gcc/arm-none-eabi/10.1.0/../../../../arm-none-eabi/lib/thumb\libg.a(lib_a-rand.o)
                0x000000000201138c                rand
 .text.realloc  0x00000000020113c0       0x18 c:/devkitpro/devkitarm/bin/../lib/gcc/arm-none-eabi/10.1.0/../../../../arm-none-eabi/lib/thumb\libg.a(lib_a-realloc.o)
                0x00000000020113c0                realloc
 .text._realloc_r
                0x00000000020113d8      0x38c c:/devkitpro/devkitarm/bin/../lib/gcc/arm-none-eabi/10.1.0/../../../../arm-none-eabi/lib/thumb\libg.a(lib_a-reallocr.o)
                0x00000000020113d8                _realloc_r
 .text.lflush   0x0000000002011764       0x20 c:/devkitpro/devkitarm/bin/../lib/gcc/arm-none-eabi/10.1.0/../../../../arm-none-eabi/lib/thumb\libg.a(lib_a-refill.o)
 .text.__srefill_r
                0x0000000002011784      0x118 c:/devkitpro/devkitarm/bin/../lib/gcc/arm-none-eabi/10.1.0/../../../../arm-none-eabi/lib/thumb\libg.a(lib_a-refill.o)
                0x0000000002011784                __srefill_r
 .text.setvbuf  0x000000000201189c      0x1ac c:/devkitpro/devkitarm/bin/../lib/gcc/arm-none-eabi/10.1.0/../../../../arm-none-eabi/lib/thumb\libg.a(lib_a-setvbuf.o)
                0x000000000201189c                setvbuf
 .text.siscanf  0x0000000002011a48       0x4c c:/devkitpro/devkitarm/bin/../lib/gcc/arm-none-eabi/10.1.0/../../../../arm-none-eabi/lib/thumb\libg.a(lib_a-siscanf.o)
                0x0000000002011a48                siscanf
 .text.__sread  0x0000000002011a94       0x34 c:/devkitpro/devkitarm/bin/../lib/gcc/arm-none-eabi/10.1.0/../../../../arm-none-eabi/lib/thumb\libg.a(lib_a-stdio.o)
                0x0000000002011a94                __sread
 .text.__seofread
                0x0000000002011ac8        0x4 c:/devkitpro/devkitarm/bin/../lib/gcc/arm-none-eabi/10.1.0/../../../../arm-none-eabi/lib/thumb\libg.a(lib_a-stdio.o)
                0x0000000002011ac8                __seofread
 .text.__swrite
                0x0000000002011acc       0x54 c:/devkitpro/devkitarm/bin/../lib/gcc/arm-none-eabi/10.1.0/../../../../arm-none-eabi/lib/thumb\libg.a(lib_a-stdio.o)
                0x0000000002011acc                __swrite
 .text.__sseek  0x0000000002011b20       0x40 c:/devkitpro/devkitarm/bin/../lib/gcc/arm-none-eabi/10.1.0/../../../../arm-none-eabi/lib/thumb\libg.a(lib_a-stdio.o)
                0x0000000002011b20                __sseek
 .text.__sclose
                0x0000000002011b60       0x10 c:/devkitpro/devkitarm/bin/../lib/gcc/arm-none-eabi/10.1.0/../../../../arm-none-eabi/lib/thumb\libg.a(lib_a-stdio.o)
                0x0000000002011b60                __sclose
 .text.stpcpy   0x0000000002011b70       0x50 c:/devkitpro/devkitarm/bin/../lib/gcc/arm-none-eabi/10.1.0/../../../../arm-none-eabi/lib/thumb\libg.a(lib_a-stpcpy.o)
                0x0000000002011b70                stpcpy
 .text.strchr   0x0000000002011bc0       0xc8 c:/devkitpro/devkitarm/bin/../lib/gcc/arm-none-eabi/10.1.0/../../../../arm-none-eabi/lib/thumb\libg.a(lib_a-strchr.o)
                0x0000000002011bc0                strchr
 .text.strcpy   0x0000000002011c88       0x10 c:/devkitpro/devkitarm/bin/../lib/gcc/arm-none-eabi/10.1.0/../../../../arm-none-eabi/lib/thumb\libg.a(lib_a-strcpy.o)
                0x0000000002011c88                strcpy
 .text.strlen   0x0000000002011c98       0x60 c:/devkitpro/devkitarm/bin/../lib/gcc/arm-none-eabi/10.1.0/../../../../arm-none-eabi/lib/thumb\libg.a(lib_a-strlen-stub.o)
                0x0000000002011c98                strlen
 .text.strncasecmp
                0x0000000002011cf8       0x54 c:/devkitpro/devkitarm/bin/../lib/gcc/arm-none-eabi/10.1.0/../../../../arm-none-eabi/lib/thumb\libg.a(lib_a-strncasecmp.o)
                0x0000000002011cf8                strncasecmp
 .text.strncmp  0x0000000002011d4c       0x78 c:/devkitpro/devkitarm/bin/../lib/gcc/arm-none-eabi/10.1.0/../../../../arm-none-eabi/lib/thumb\libg.a(lib_a-strncmp.o)
                0x0000000002011d4c                strncmp
 .text.strncpy  0x0000000002011dc4       0x74 c:/devkitpro/devkitarm/bin/../lib/gcc/arm-none-eabi/10.1.0/../../../../arm-none-eabi/lib/thumb\libg.a(lib_a-strncpy.o)
                0x0000000002011dc4                strncpy
 .text.strnlen  0x0000000002011e38       0x28 c:/devkitpro/devkitarm/bin/../lib/gcc/arm-none-eabi/10.1.0/../../../../arm-none-eabi/lib/thumb\libg.a(lib_a-strnlen.o)
                0x0000000002011e38                strnlen
 .text.strpbrk  0x0000000002011e60       0x40 c:/devkitpro/devkitarm/bin/../lib/gcc/arm-none-eabi/10.1.0/../../../../arm-none-eabi/lib/thumb\libg.a(lib_a-strpbrk.o)
                0x0000000002011e60                strpbrk
 .text.strrchr  0x0000000002011ea0       0x2c c:/devkitpro/devkitarm/bin/../lib/gcc/arm-none-eabi/10.1.0/../../../../arm-none-eabi/lib/thumb\libg.a(lib_a-strrchr.o)
                0x0000000002011ea0                strrchr
 .text._strtol_l.part.0
                0x0000000002011ecc      0x150 c:/devkitpro/devkitarm/bin/../lib/gcc/arm-none-eabi/10.1.0/../../../../arm-none-eabi/lib/thumb\libg.a(lib_a-strtol.o)
 .text._strtol_r
                0x000000000201201c       0x20 c:/devkitpro/devkitarm/bin/../lib/gcc/arm-none-eabi/10.1.0/../../../../arm-none-eabi/lib/thumb\libg.a(lib_a-strtol.o)
                0x000000000201201c                _strtol_r
 .text.get_arg  0x000000000201203c       0x32 c:/devkitpro/devkitarm/bin/../lib/gcc/arm-none-eabi/10.1.0/../../../../arm-none-eabi/lib/thumb\libg.a(lib_a-svfiscanf.o)
 .text._sungetc_r
                0x000000000201206e       0x7e c:/devkitpro/devkitarm/bin/../lib/gcc/arm-none-eabi/10.1.0/../../../../arm-none-eabi/lib/thumb\libg.a(lib_a-svfiscanf.o)
                0x000000000201206e                _sungetc_r
 .text.__ssrefill_r
                0x00000000020120ec       0x42 c:/devkitpro/devkitarm/bin/../lib/gcc/arm-none-eabi/10.1.0/../../../../arm-none-eabi/lib/thumb\libg.a(lib_a-svfiscanf.o)
                0x00000000020120ec                __ssrefill_r
 .text._sfread_r
                0x000000000201212e       0x8a c:/devkitpro/devkitarm/bin/../lib/gcc/arm-none-eabi/10.1.0/../../../../arm-none-eabi/lib/thumb\libg.a(lib_a-svfiscanf.o)
                0x000000000201212e                _sfread_r
 .text.__ssvfiscanf_r
                0x00000000020121b8     0x1b6c c:/devkitpro/devkitarm/bin/../lib/gcc/arm-none-eabi/10.1.0/../../../../arm-none-eabi/lib/thumb\libg.a(lib_a-svfiscanf.o)
                0x00000000020121b8                __ssvfiscanf_r
 .text.time     0x0000000002013d24       0x34 c:/devkitpro/devkitarm/bin/../lib/gcc/arm-none-eabi/10.1.0/../../../../arm-none-eabi/lib/thumb\libg.a(lib_a-time.o)
                0x0000000002013d24                time
 .text.towlower
                0x0000000002013d58       0x10 c:/devkitpro/devkitarm/bin/../lib/gcc/arm-none-eabi/10.1.0/../../../../arm-none-eabi/lib/thumb\libg.a(lib_a-towlower.o)
                0x0000000002013d58                towlower
 .text.towupper
                0x0000000002013d68       0x10 c:/devkitpro/devkitarm/bin/../lib/gcc/arm-none-eabi/10.1.0/../../../../arm-none-eabi/lib/thumb\libg.a(lib_a-towupper.o)
                0x0000000002013d68                towupper
 .text.__tzcalc_limits
                0x0000000002013d78      0x1a8 c:/devkitpro/devkitarm/bin/../lib/gcc/arm-none-eabi/10.1.0/../../../../arm-none-eabi/lib/thumb\libg.a(lib_a-tzcalc_limits.o)
                0x0000000002013d78                __tzcalc_limits
 .text.__tz_lock
                0x0000000002013f20       0x14 c:/devkitpro/devkitarm/bin/../lib/gcc/arm-none-eabi/10.1.0/../../../../arm-none-eabi/lib/thumb\libg.a(lib_a-tzlock.o)
                0x0000000002013f20                __tz_lock
 .text.__tz_unlock
                0x0000000002013f34       0x14 c:/devkitpro/devkitarm/bin/../lib/gcc/arm-none-eabi/10.1.0/../../../../arm-none-eabi/lib/thumb\libg.a(lib_a-tzlock.o)
                0x0000000002013f34                __tz_unlock
 .text._tzset_unlocked
                0x0000000002013f48       0x10 c:/devkitpro/devkitarm/bin/../lib/gcc/arm-none-eabi/10.1.0/../../../../arm-none-eabi/lib/thumb\libg.a(lib_a-tzset.o)
                0x0000000002013f48                _tzset_unlocked
 .text._tzset_unlocked_r
                0x0000000002013f58      0x360 c:/devkitpro/devkitarm/bin/../lib/gcc/arm-none-eabi/10.1.0/../../../../arm-none-eabi/lib/thumb\libg.a(lib_a-tzset_r.o)
                0x0000000002013f58                _tzset_unlocked_r
 .text.__submore
                0x00000000020142b8       0x88 c:/devkitpro/devkitarm/bin/../lib/gcc/arm-none-eabi/10.1.0/../../../../arm-none-eabi/lib/thumb\libg.a(lib_a-ungetc.o)
                0x00000000020142b8                __submore
 .text.get_arg  0x0000000002014340      0x3f0 c:/devkitpro/devkitarm/bin/../lib/gcc/arm-none-eabi/10.1.0/../../../../arm-none-eabi/lib/thumb\libg.a(lib_a-vfiprintf.o)
 .text.__sprint_r
                0x0000000002014730       0x20 c:/devkitpro/devkitarm/bin/../lib/gcc/arm-none-eabi/10.1.0/../../../../arm-none-eabi/lib/thumb\libg.a(lib_a-vfiprintf.o)
                0x0000000002014730                __sprint_r
 .text._vfiprintf_r
                0x0000000002014750     0x1800 c:/devkitpro/devkitarm/bin/../lib/gcc/arm-none-eabi/10.1.0/../../../../arm-none-eabi/lib/thumb\libg.a(lib_a-vfiprintf.o)
                0x0000000002014750                _vfiprintf_r
 .text.__sbprintf
                0x0000000002015f50       0x8c c:/devkitpro/devkitarm/bin/../lib/gcc/arm-none-eabi/10.1.0/../../../../arm-none-eabi/lib/thumb\libg.a(lib_a-vfiprintf.o)
 .text.viprintf
                0x0000000002015fdc       0x1c c:/devkitpro/devkitarm/bin/../lib/gcc/arm-none-eabi/10.1.0/../../../../arm-none-eabi/lib/thumb\libg.a(lib_a-viprintf.o)
                0x0000000002015fdc                viprintf
 .text._wcrtomb_r
                0x0000000002015ff8       0x5c c:/devkitpro/devkitarm/bin/../lib/gcc/arm-none-eabi/10.1.0/../../../../arm-none-eabi/lib/thumb\libg.a(lib_a-wcrtomb.o)
                0x0000000002015ff8                _wcrtomb_r
 .text.wcrtomb  0x0000000002016054       0x74 c:/devkitpro/devkitarm/bin/../lib/gcc/arm-none-eabi/10.1.0/../../../../arm-none-eabi/lib/thumb\libg.a(lib_a-wcrtomb.o)
                0x0000000002016054                wcrtomb
 .text._wcsrtombs_r
                0x00000000020160c8       0x1c c:/devkitpro/devkitarm/bin/../lib/gcc/arm-none-eabi/10.1.0/../../../../arm-none-eabi/lib/thumb\libg.a(lib_a-wcsrtombs.o)
                0x00000000020160c8                _wcsrtombs_r
 .text.wctob    0x00000000020160e4       0x48 c:/devkitpro/devkitarm/bin/../lib/gcc/arm-none-eabi/10.1.0/../../../../arm-none-eabi/lib/thumb\libg.a(lib_a-wctob.o)
                0x00000000020160e4                wctob
 .text.__utf8_wctomb
                0x000000000201612c       0xb4 c:/devkitpro/devkitarm/bin/../lib/gcc/arm-none-eabi/10.1.0/../../../../arm-none-eabi/lib/thumb\libg.a(lib_a-wctomb_r.o)
                0x000000000201612c                __utf8_wctomb
 .text.__swsetup_r
                0x00000000020161e0       0xe4 c:/devkitpro/devkitarm/bin/../lib/gcc/arm-none-eabi/10.1.0/../../../../arm-none-eabi/lib/thumb\libg.a(lib_a-wsetup.o)
                0x00000000020161e0                __swsetup_r
 .text.div      0x00000000020162c4       0x34 c:/devkitpro/devkitarm/bin/../lib/gcc/arm-none-eabi/10.1.0/../../../../arm-none-eabi/lib/thumb\libg.a(lib_a-div.o)
                0x00000000020162c4                div
 .text.__errno  0x00000000020162f8        0xc c:/devkitpro/devkitarm/bin/../lib/gcc/arm-none-eabi/10.1.0/../../../../arm-none-eabi/lib/thumb\libg.a(lib_a-errno.o)
                0x00000000020162f8                __errno
 .text.__sflags
                0x0000000002016304       0xa4 c:/devkitpro/devkitarm/bin/../lib/gcc/arm-none-eabi/10.1.0/../../../../arm-none-eabi/lib/thumb\libg.a(lib_a-flags.o)
                0x0000000002016304                __sflags
 .text.__sfvwrite_r
                0x00000000020163a8      0x324 c:/devkitpro/devkitarm/bin/../lib/gcc/arm-none-eabi/10.1.0/../../../../arm-none-eabi/lib/thumb\libg.a(lib_a-fvwrite.o)
                0x00000000020163a8                __sfvwrite_r
 .text._findenv_r
                0x00000000020166cc       0x94 c:/devkitpro/devkitarm/bin/../lib/gcc/arm-none-eabi/10.1.0/../../../../arm-none-eabi/lib/thumb\libg.a(lib_a-getenv_r.o)
                0x00000000020166cc                _findenv_r
 .text._getenv_r
                0x0000000002016760       0x10 c:/devkitpro/devkitarm/bin/../lib/gcc/arm-none-eabi/10.1.0/../../../../arm-none-eabi/lib/thumb\libg.a(lib_a-getenv_r.o)
                0x0000000002016760                _getenv_r
 .text.__gettzinfo
                0x0000000002016770        0x8 c:/devkitpro/devkitarm/bin/../lib/gcc/arm-none-eabi/10.1.0/../../../../arm-none-eabi/lib/thumb\libg.a(lib_a-gettzinfo.o)
                0x0000000002016770                __gettzinfo
 .text.gmtime_r
                0x0000000002016778      0x1d8 c:/devkitpro/devkitarm/bin/../lib/gcc/arm-none-eabi/10.1.0/../../../../arm-none-eabi/lib/thumb\libg.a(lib_a-gmtime_r.o)
                0x0000000002016778                gmtime_r
 .text.iswspace
                0x0000000002016950       0x10 c:/devkitpro/devkitarm/bin/../lib/gcc/arm-none-eabi/10.1.0/../../../../arm-none-eabi/lib/thumb\libg.a(lib_a-iswspace.o)
                0x0000000002016950                iswspace
 .text._localeconv_r
                0x0000000002016960        0x8 c:/devkitpro/devkitarm/bin/../lib/gcc/arm-none-eabi/10.1.0/../../../../arm-none-eabi/lib/thumb\libg.a(lib_a-localeconv.o)
                0x0000000002016960                _localeconv_r
 .text._mbsnrtowcs_r
                0x0000000002016968       0xc0 c:/devkitpro/devkitarm/bin/../lib/gcc/arm-none-eabi/10.1.0/../../../../arm-none-eabi/lib/thumb\libg.a(lib_a-mbsnrtowcs.o)
                0x0000000002016968                _mbsnrtowcs_r
 .text.memchr   0x0000000002016a28       0x78 c:/devkitpro/devkitarm/bin/../lib/gcc/arm-none-eabi/10.1.0/../../../../arm-none-eabi/lib/thumb\libg.a(lib_a-memchr-stub.o)
                0x0000000002016a28                memchr
 .text.__sccl   0x0000000002016aa0       0x90 c:/devkitpro/devkitarm/bin/../lib/gcc/arm-none-eabi/10.1.0/../../../../arm-none-eabi/lib/thumb\libg.a(lib_a-sccl.o)
                0x0000000002016aa0                __sccl
 .text._strtoll_l.constprop.0
                0x0000000002016b30      0x1ac c:/devkitpro/devkitarm/bin/../lib/gcc/arm-none-eabi/10.1.0/../../../../arm-none-eabi/lib/thumb\libg.a(lib_a-strtoll.o)
 .text._strtoll_r
                0x0000000002016cdc        0xc c:/devkitpro/devkitarm/bin/../lib/gcc/arm-none-eabi/10.1.0/../../../../arm-none-eabi/lib/thumb\libg.a(lib_a-strtoll.o)
                0x0000000002016cdc                _strtoll_r
 .text._strtoull_l.constprop.0
                0x0000000002016ce8      0x1c8 c:/devkitpro/devkitarm/bin/../lib/gcc/arm-none-eabi/10.1.0/../../../../arm-none-eabi/lib/thumb\libg.a(lib_a-strtoull.o)
 .text._strtoull_r
                0x0000000002016eb0        0xc c:/devkitpro/devkitarm/bin/../lib/gcc/arm-none-eabi/10.1.0/../../../../arm-none-eabi/lib/thumb\libg.a(lib_a-strtoull.o)
                0x0000000002016eb0                _strtoull_r
 .text._strtoul_l.constprop.0
                0x0000000002016ebc      0x148 c:/devkitpro/devkitarm/bin/../lib/gcc/arm-none-eabi/10.1.0/../../../../arm-none-eabi/lib/thumb\libg.a(lib_a-strtoul.o)
 .text._strtoul_r
                0x0000000002017004        0xc c:/devkitpro/devkitarm/bin/../lib/gcc/arm-none-eabi/10.1.0/../../../../arm-none-eabi/lib/thumb\libg.a(lib_a-strtoul.o)
                0x0000000002017004                _strtoul_r
 .text.strtoul  0x0000000002017010       0x1c c:/devkitpro/devkitarm/bin/../lib/gcc/arm-none-eabi/10.1.0/../../../../arm-none-eabi/lib/thumb\libg.a(lib_a-strtoul.o)
                0x0000000002017010                strtoul
 .text.towctrans
                0x000000000201702c       0x28 c:/devkitpro/devkitarm/bin/../lib/gcc/arm-none-eabi/10.1.0/../../../../arm-none-eabi/lib/thumb\libg.a(lib_a-towctrans.o)
                0x000000000201702c                towctrans
 .text._wcsnrtombs_l
                0x0000000002017054      0x138 c:/devkitpro/devkitarm/bin/../lib/gcc/arm-none-eabi/10.1.0/../../../../arm-none-eabi/lib/thumb\libg.a(lib_a-wcsnrtombs.o)
                0x0000000002017054                _wcsnrtombs_l
 .text._wcsnrtombs_r
                0x000000000201718c       0x30 c:/devkitpro/devkitarm/bin/../lib/gcc/arm-none-eabi/10.1.0/../../../../arm-none-eabi/lib/thumb\libg.a(lib_a-wcsnrtombs.o)
                0x000000000201718c                _wcsnrtombs_r
 .text.__env_lock
                0x00000000020171bc       0x14 c:/devkitpro/devkitarm/bin/../lib/gcc/arm-none-eabi/10.1.0/../../../../arm-none-eabi/lib/thumb\libg.a(lib_a-envlock.o)
                0x00000000020171bc                __env_lock
 .text.__env_unlock
                0x00000000020171d0       0x14 c:/devkitpro/devkitarm/bin/../lib/gcc/arm-none-eabi/10.1.0/../../../../arm-none-eabi/lib/thumb\libg.a(lib_a-envlock.o)
                0x00000000020171d0                __env_unlock
 .text.iswspace_l
                0x00000000020171e4       0x2c c:/devkitpro/devkitarm/bin/../lib/gcc/arm-none-eabi/10.1.0/../../../../arm-none-eabi/lib/thumb\libg.a(lib_a-iswspace_l.o)
                0x00000000020171e4                iswspace_l
 .text.__jp2uc  0x0000000002017210      0x164 c:/devkitpro/devkitarm/bin/../lib/gcc/arm-none-eabi/10.1.0/../../../../arm-none-eabi/lib/thumb\libg.a(lib_a-jp2uc.o)
 .text._jp2uc_l
                0x0000000002017374       0x6c c:/devkitpro/devkitarm/bin/../lib/gcc/arm-none-eabi/10.1.0/../../../../arm-none-eabi/lib/thumb\libg.a(lib_a-jp2uc.o)
                0x0000000002017374                _jp2uc_l
 .text._uc2jp_l
                0x00000000020173e0       0x4c c:/devkitpro/devkitarm/bin/../lib/gcc/arm-none-eabi/10.1.0/../../../../arm-none-eabi/lib/thumb\libg.a(lib_a-jp2uc.o)
                0x00000000020173e0                _uc2jp_l
 .text.towctrans_l
                0x000000000201742c      0x1b4 c:/devkitpro/devkitarm/bin/../lib/gcc/arm-none-eabi/10.1.0/../../../../arm-none-eabi/lib/thumb\libg.a(lib_a-towctrans_l.o)
                0x000000000201742c                towctrans_l
 .text.category
                0x00000000020175e0       0x54 c:/devkitpro/devkitarm/bin/../lib/gcc/arm-none-eabi/10.1.0/../../../../arm-none-eabi/lib/thumb\libg.a(lib_a-categories.o)
                0x00000000020175e0                category
 .text.null_write
                0x0000000002017634        0x4 c:/devkitpro/devkitarm/bin/../lib/gcc/arm-none-eabi/10.1.0/../../../../arm-none-eabi/lib/thumb\libsysbase.a(iosupport.o)
 .text.setDefaultDevice
                0x0000000002017638       0x10 c:/devkitpro/devkitarm/bin/../lib/gcc/arm-none-eabi/10.1.0/../../../../arm-none-eabi/lib/thumb\libsysbase.a(iosupport.o)
                0x0000000002017638                setDefaultDevice
 .text.FindDevice
                0x0000000002017648       0x98 c:/devkitpro/devkitarm/bin/../lib/gcc/arm-none-eabi/10.1.0/../../../../arm-none-eabi/lib/thumb\libsysbase.a(iosupport.o)
                0x0000000002017648                FindDevice
 .text.AddDevice
                0x00000000020176e0       0x78 c:/devkitpro/devkitarm/bin/../lib/gcc/arm-none-eabi/10.1.0/../../../../arm-none-eabi/lib/thumb\libsysbase.a(iosupport.o)
                0x00000000020176e0                AddDevice
 .text.GetDeviceOpTab
                0x0000000002017758       0x20 c:/devkitpro/devkitarm/bin/../lib/gcc/arm-none-eabi/10.1.0/../../../../arm-none-eabi/lib/thumb\libsysbase.a(iosupport.o)
                0x0000000002017758                GetDeviceOpTab
 .text._fstat_r
                0x0000000002017778       0x4c c:/devkitpro/devkitarm/bin/../lib/gcc/arm-none-eabi/10.1.0/../../../../arm-none-eabi/lib/thumb\libsysbase.a(fstat.o)
                0x0000000002017778                _fstat_r
 .text._gettimeofday_r
                0x00000000020177c4       0x28 c:/devkitpro/devkitarm/bin/../lib/gcc/arm-none-eabi/10.1.0/../../../../arm-none-eabi/lib/thumb\libsysbase.a(gettod.o)
                0x00000000020177c4                _gettimeofday_r
 .text._isatty_r
                0x00000000020177ec        0x4 c:/devkitpro/devkitarm/bin/../lib/gcc/arm-none-eabi/10.1.0/../../../../arm-none-eabi/lib/thumb\libsysbase.a(isatty.o)
                0x00000000020177ec                _isatty_r
 .text._lseek_r
                0x00000000020177f0       0x5c c:/devkitpro/devkitarm/bin/../lib/gcc/arm-none-eabi/10.1.0/../../../../arm-none-eabi/lib/thumb\libsysbase.a(lseek.o)
                0x00000000020177f0                _lseek_r
 .text._open_r  0x000000000201784c       0x9c c:/devkitpro/devkitarm/bin/../lib/gcc/arm-none-eabi/10.1.0/../../../../arm-none-eabi/lib/thumb\libsysbase.a(open.o)
                0x000000000201784c                _open_r
 .text._read_r  0x00000000020178e8       0x50 c:/devkitpro/devkitarm/bin/../lib/gcc/arm-none-eabi/10.1.0/../../../../arm-none-eabi/lib/thumb\libsysbase.a(read.o)
                0x00000000020178e8                _read_r
 .text._sbrk_r  0x0000000002017938       0x54 c:/devkitpro/devkitarm/bin/../lib/gcc/arm-none-eabi/10.1.0/../../../../arm-none-eabi/lib/thumb\libsysbase.a(sbrk.o)
                0x0000000002017938                _sbrk_r
 .text._write_r
                0x000000000201798c       0x50 c:/devkitpro/devkitarm/bin/../lib/gcc/arm-none-eabi/10.1.0/../../../../arm-none-eabi/lib/thumb\libsysbase.a(write.o)
                0x000000000201798c                _write_r
 .text._concatenate_path
                0x00000000020179dc      0x128 c:/devkitpro/devkitarm/bin/../lib/gcc/arm-none-eabi/10.1.0/../../../../arm-none-eabi/lib/thumb\libsysbase.a(chdir.o)
                0x00000000020179dc                _concatenate_path
 .text.chdir    0x0000000002017b04       0xec c:/devkitpro/devkitarm/bin/../lib/gcc/arm-none-eabi/10.1.0/../../../../arm-none-eabi/lib/thumb\libsysbase.a(chdir.o)
                0x0000000002017b04                chdir
 .text.build_argv
                0x0000000002017bf0       0x4c c:/devkitpro/devkitarm/bin/../lib/gcc/arm-none-eabi/10.1.0/../../../../arm-none-eabi/lib/thumb\libsysbase.a(build_argv.o)
                0x0000000002017bf0                build_argv
 .text.__flockfile
                0x0000000002017c3c       0x10 c:/devkitpro/devkitarm/bin/../lib/gcc/arm-none-eabi/10.1.0/../../../../arm-none-eabi/lib/thumb\libsysbase.a(flock.o)
                0x0000000002017c3c                __flockfile
 .text.__funlockfile
                0x0000000002017c4c       0x10 c:/devkitpro/devkitarm/bin/../lib/gcc/arm-none-eabi/10.1.0/../../../../arm-none-eabi/lib/thumb\libsysbase.a(flock.o)
                0x0000000002017c4c                __funlockfile
 .text.__libc_lock_acquire
                0x0000000002017c5c       0x1c c:/devkitpro/devkitarm/bin/../lib/gcc/arm-none-eabi/10.1.0/../../../../arm-none-eabi/lib/thumb\libsysbase.a(syscall_support.o)
                0x0000000002017c5c                __libc_lock_acquire
 .text.__libc_lock_release
                0x0000000002017c78       0x1c c:/devkitpro/devkitarm/bin/../lib/gcc/arm-none-eabi/10.1.0/../../../../arm-none-eabi/lib/thumb\libsysbase.a(syscall_support.o)
                0x0000000002017c78                __libc_lock_release
 .text.__libc_lock_init_recursive
                0x0000000002017c94       0x1c c:/devkitpro/devkitarm/bin/../lib/gcc/arm-none-eabi/10.1.0/../../../../arm-none-eabi/lib/thumb\libsysbase.a(syscall_support.o)
                0x0000000002017c94                __libc_lock_init_recursive
 .text.__libc_lock_acquire_recursive
                0x0000000002017cb0       0x1c c:/devkitpro/devkitarm/bin/../lib/gcc/arm-none-eabi/10.1.0/../../../../arm-none-eabi/lib/thumb\libsysbase.a(syscall_support.o)
                0x0000000002017cb0                __libc_lock_acquire_recursive
 .text.__libc_lock_release_recursive
                0x0000000002017ccc       0x1c c:/devkitpro/devkitarm/bin/../lib/gcc/arm-none-eabi/10.1.0/../../../../arm-none-eabi/lib/thumb\libsysbase.a(syscall_support.o)
                0x0000000002017ccc                __libc_lock_release_recursive
 .text.__libc_lock_close_recursive
                0x0000000002017ce8       0x1c c:/devkitpro/devkitarm/bin/../lib/gcc/arm-none-eabi/10.1.0/../../../../arm-none-eabi/lib/thumb\libsysbase.a(syscall_support.o)
                0x0000000002017ce8                __libc_lock_close_recursive
 .text.__release_handle
                0x0000000002017d04       0x68 c:/devkitpro/devkitarm/bin/../lib/gcc/arm-none-eabi/10.1.0/../../../../arm-none-eabi/lib/thumb\libsysbase.a(handle_manager.o)
                0x0000000002017d04                __release_handle
 .text.__alloc_handle
                0x0000000002017d6c       0x80 c:/devkitpro/devkitarm/bin/../lib/gcc/arm-none-eabi/10.1.0/../../../../arm-none-eabi/lib/thumb\libsysbase.a(handle_manager.o)
                0x0000000002017d6c                __alloc_handle
 .text.__get_handle
                0x0000000002017dec       0x34 c:/devkitpro/devkitarm/bin/../lib/gcc/arm-none-eabi/10.1.0/../../../../arm-none-eabi/lib/thumb\libsysbase.a(handle_manager.o)
                0x0000000002017dec                __get_handle
 .text._close_r
                0x0000000002017e20       0xb8 c:/devkitpro/devkitarm/bin/../lib/gcc/arm-none-eabi/10.1.0/../../../../arm-none-eabi/lib/thumb\libsysbase.a(handle_manager.o)
                0x0000000002017e20                _close_r
 .text.__getreent
                0x0000000002017ed8       0x28 c:/devkitpro/devkitarm/bin/../lib/gcc/arm-none-eabi/10.1.0/../../../../arm-none-eabi/lib/thumb\libsysbase.a(getreent.o)
                0x0000000002017ed8                __getreent
 .text.__getreent.__stub
                0x0000000002017f00      0x118 linker stubs
 *(EXCLUDE_FILE(*.twl*) .gnu.warning)
 *(EXCLUDE_FILE(*.twl*) .gnu.linkonce.t*)
 *(.glue_7)
 .glue_7        0x0000000002018028        0x0 linker stubs
 *(.glue_7t)
 .glue_7t       0x0000000002018028        0x0 linker stubs
                0x0000000002018028                . = ALIGN (0x4)

.vfp11_veneer   0x0000000002018028        0x0
 .vfp11_veneer  0x0000000002018028        0x0 linker stubs

.v4_bx          0x0000000002018028        0x0
 .v4_bx         0x0000000002018028        0x0 linker stubs

.iplt           0x0000000002018028        0x0
 .iplt          0x0000000002018028        0x0 c:/devkitpro/devkitarm/bin/../lib/gcc/arm-none-eabi/10.1.0/../../../../arm-none-eabi/lib/thumb/ds_arm9_crt0.o

.fini           0x0000000002018028        0xc
 *(.fini)
 .fini          0x0000000002018028        0x4 c:/devkitpro/devkitarm/bin/../lib/gcc/arm-none-eabi/10.1.0/thumb/crti.o
                0x0000000002018028                _fini
 .fini          0x000000000201802c        0x8 c:/devkitpro/devkitarm/bin/../lib/gcc/arm-none-eabi/10.1.0/thumb/crtn.o
                0x0000000002018034                __text_end = .

.rodata         0x0000000002018034    0x297d8
 *(EXCLUDE_FILE(*.twl*) .rodata)
 .rodata        0x0000000002018034    0x15df0 soundbank.bin.o
                0x0000000002018034                soundbank_bin
                0x000000000202de20                soundbank_bin_size
                0x000000000202de20                soundbank_bin_end
 .rodata        0x000000000202de24     0x8e00 character32x32.o
                0x000000000202de24                character32x32Tiles
                0x0000000002036a24                character32x32Pal
 .rodata        0x0000000002036c24     0x1a00 Terrain.o
                0x0000000002036c24                Terrain3Tiles
                0x0000000002037424                Terrain3Map
                0x0000000002038424                Terrain3Pal
 .rodata        0x0000000002038624     0x2004 C:/devkitPro/libnds/lib\libnds9.a(default_font.bin.o)
                0x0000000002038624                default_font_bin
                0x000000000203a624                default_font_bin_size
                0x000000000203a624                default_font_bin_end
 *all.rodata*(*)
 *(EXCLUDE_FILE(*.twl*) .roda)
 *(EXCLUDE_FILE(*.twl*) .rodata.*)
 .rodata.str1.4
                0x000000000203a628      0x20a ChromeGame.o
 *fill*         0x000000000203a832        0x2 ff
 .rodata.fatMount.part.0.str1.4
                0x000000000203a834        0x2 C:/devkitPro/libnds/lib\libfat.a(libfat.o)
 *fill*         0x000000000203a836        0x2 ff
 .rodata.fatInit.str1.4
                0x000000000203a838        0x3 C:/devkitPro/libnds/lib\libfat.a(libfat.o)
 *fill*         0x000000000203a83b        0x1 ff
 .rodata.str1.4
                0x000000000203a83c        0x4 C:/devkitPro/libnds/lib\libfat.a(libfat.o)
 .rodata.dotab_fat
                0x000000000203a840       0x70 C:/devkitPro/libnds/lib\libfat.a(libfat.o)
 .rodata.str1.4
                0x000000000203a8b0        0x3 C:/devkitPro/libnds/lib\libfat.a(disc.o)
                                          0x8 (size before relaxing)
 *fill*         0x000000000203a8b3        0x1 ff
 .rodata._FAT_disc_interfaces
                0x000000000203a8b4       0x18 C:/devkitPro/libnds/lib\libfat.a(disc.o)
                0x000000000203a8b4                _FAT_disc_interfaces
 .rodata._FAT_directory_entryFromPath.str1.4
                0x000000000203a8cc        0x7 C:/devkitPro/libnds/lib\libfat.a(directory.o)
 *fill*         0x000000000203a8d3        0x1 ff
 .rodata.ILLEGAL_ALIAS_CHARACTERS
                0x000000000203a8d4       0x12 C:/devkitPro/libnds/lib\libfat.a(directory.o)
 *fill*         0x000000000203a8e6        0x2 ff
 .rodata.ILLEGAL_LFN_CHARACTERS
                0x000000000203a8e8        0xa C:/devkitPro/libnds/lib\libfat.a(directory.o)
 *fill*         0x000000000203a8f2        0x2 ff
 .rodata.LFN_offset_table
                0x000000000203a8f4       0x34 C:/devkitPro/libnds/lib\libfat.a(directory.o)
 .rodata.FAT_SIG
                0x000000000203a928        0x3 C:/devkitPro/libnds/lib\libfat.a(partition.o)
 *fill*         0x000000000203a92b        0x1 ff
 .rodata.FS_TWL_SIG
                0x000000000203a92c        0x8 C:/devkitPro/libnds/lib\libfat.a(partition.o)
 .rodata.__sassert.str1.4
                0x000000000203a934       0x42 C:/devkitPro/libnds/lib\libnds9.a(sassert.o)
 *fill*         0x000000000203a976        0x2 ff
 .rodata.con_write.str1.4
                0x000000000203a978       0x30 C:/devkitPro/libnds/lib\libnds9.a(console.o)
 .rodata.con_write
                0x000000000203a9a8       0xd4 C:/devkitPro/libnds/lib\libnds9.a(console.o)
 .rodata.str1.4
                0x000000000203aa7c       0x14 C:/devkitPro/libnds/lib\libnds9.a(console.o)
 .rodata.dotab_stdout
                0x000000000203aa90       0x70 C:/devkitPro/libnds/lib\libnds9.a(console.o)
 .rodata.SIN_LUT
                0x000000000203ab00      0x102 C:/devkitPro/libnds/lib\libnds9.a(trig.o)
                0x000000000203ab00                SIN_LUT
 *fill*         0x000000000203ac02        0x2 ff
 .rodata._ctype_
                0x000000000203ac04      0x101 c:/devkitpro/devkitarm/bin/../lib/gcc/arm-none-eabi/10.1.0/../../../../arm-none-eabi/lib/thumb\libg.a(lib_a-ctype_.o)
                0x000000000203ac04                _ctype_
 *fill*         0x000000000203ad05        0x3 ff
 .rodata._global_impure_ptr
                0x000000000203ad08        0x4 c:/devkitpro/devkitarm/bin/../lib/gcc/arm-none-eabi/10.1.0/../../../../arm-none-eabi/lib/thumb\libg.a(lib_a-impure.o)
                0x000000000203ad08                _global_impure_ptr
 .rodata.str1.4
                0x000000000203ad0c       0x44 c:/devkitpro/devkitarm/bin/../lib/gcc/arm-none-eabi/10.1.0/../../../../arm-none-eabi/lib/thumb\libg.a(lib_a-locale.o)
                                         0x4c (size before relaxing)
 .rodata._mbrtowc_r.str1.4
                0x000000000203ad50        0x1 c:/devkitpro/devkitarm/bin/../lib/gcc/arm-none-eabi/10.1.0/../../../../arm-none-eabi/lib/thumb\libg.a(lib_a-mbrtowc.o)
 .rodata.DAYS_IN_MONTH
                0x000000000203ad50       0x30 c:/devkitpro/devkitarm/bin/../lib/gcc/arm-none-eabi/10.1.0/../../../../arm-none-eabi/lib/thumb\libg.a(lib_a-mktime.o)
 .rodata._DAYS_BEFORE_MONTH
                0x000000000203ad80       0x30 c:/devkitpro/devkitarm/bin/../lib/gcc/arm-none-eabi/10.1.0/../../../../arm-none-eabi/lib/thumb\libg.a(lib_a-mktime.o)
 .rodata.__month_lengths
                0x000000000203adb0       0x60 c:/devkitpro/devkitarm/bin/../lib/gcc/arm-none-eabi/10.1.0/../../../../arm-none-eabi/lib/thumb\libg.a(lib_a-month_lengths.o)
                0x000000000203adb0                __month_lengths
 .rodata.basefix.0
                0x000000000203ae10       0x22 c:/devkitpro/devkitarm/bin/../lib/gcc/arm-none-eabi/10.1.0/../../../../arm-none-eabi/lib/thumb\libg.a(lib_a-svfiscanf.o)
 *fill*         0x000000000203ae32        0x2 ff
 .rodata._tzset_unlocked_r.str1.4
                0x000000000203ae34       0x53 c:/devkitpro/devkitarm/bin/../lib/gcc/arm-none-eabi/10.1.0/../../../../arm-none-eabi/lib/thumb\libg.a(lib_a-tzset_r.o)
 .rodata.str1.4
                0x000000000203ae87        0x4 c:/devkitpro/devkitarm/bin/../lib/gcc/arm-none-eabi/10.1.0/../../../../arm-none-eabi/lib/thumb\libg.a(lib_a-tzvars.o)
 .rodata._vfiprintf_r.str1.1
                0x000000000203ae87       0x29 c:/devkitpro/devkitarm/bin/../lib/gcc/arm-none-eabi/10.1.0/../../../../arm-none-eabi/lib/thumb\libg.a(lib_a-vfiprintf.o)
 .rodata.blanks.1
                0x000000000203aeb0       0x10 c:/devkitpro/devkitarm/bin/../lib/gcc/arm-none-eabi/10.1.0/../../../../arm-none-eabi/lib/thumb\libg.a(lib_a-vfiprintf.o)
 .rodata.zeroes.0
                0x000000000203aec0       0x10 c:/devkitpro/devkitarm/bin/../lib/gcc/arm-none-eabi/10.1.0/../../../../arm-none-eabi/lib/thumb\libg.a(lib_a-vfiprintf.o)
 .rodata.__action_table
                0x000000000203aed0       0x6c c:/devkitpro/devkitarm/bin/../lib/gcc/arm-none-eabi/10.1.0/../../../../arm-none-eabi/lib/thumb\libg.a(lib_a-svfiprintf.o)
                0x000000000203aed0                __action_table
 .rodata.__chclass
                0x000000000203af3c      0x100 c:/devkitpro/devkitarm/bin/../lib/gcc/arm-none-eabi/10.1.0/../../../../arm-none-eabi/lib/thumb\libg.a(lib_a-svfiprintf.o)
                0x000000000203af3c                __chclass
 .rodata.__state_table
                0x000000000203b03c       0x6c c:/devkitpro/devkitarm/bin/../lib/gcc/arm-none-eabi/10.1.0/../../../../arm-none-eabi/lib/thumb\libg.a(lib_a-svfiprintf.o)
                0x000000000203b03c                __state_table
 .rodata.__jp2uc
                0x000000000203b0a8       0x20 c:/devkitpro/devkitarm/bin/../lib/gcc/arm-none-eabi/10.1.0/../../../../arm-none-eabi/lib/thumb\libg.a(lib_a-jp2uc.o)
 .rodata._jp2uc_l.str1.4
                0x000000000203b0c8       0x12 c:/devkitpro/devkitarm/bin/../lib/gcc/arm-none-eabi/10.1.0/../../../../arm-none-eabi/lib/thumb\libg.a(lib_a-jp2uc.o)
 *fill*         0x000000000203b0da        0x2 ff
 .rodata.a1     0x000000000203b0dc       0xbc c:/devkitpro/devkitarm/bin/../lib/gcc/arm-none-eabi/10.1.0/../../../../arm-none-eabi/lib/thumb\libg.a(lib_a-jp2uc.o)
 .rodata.a2     0x000000000203b198       0xbc c:/devkitpro/devkitarm/bin/../lib/gcc/arm-none-eabi/10.1.0/../../../../arm-none-eabi/lib/thumb\libg.a(lib_a-jp2uc.o)
 .rodata.a3     0x000000000203b254       0x5b c:/devkitpro/devkitarm/bin/../lib/gcc/arm-none-eabi/10.1.0/../../../../arm-none-eabi/lib/thumb\libg.a(lib_a-jp2uc.o)
 *fill*         0x000000000203b2af        0x1 ff
 .rodata.a6     0x000000000203b2b0       0x70 c:/devkitpro/devkitarm/bin/../lib/gcc/arm-none-eabi/10.1.0/../../../../arm-none-eabi/lib/thumb\libg.a(lib_a-jp2uc.o)
 .rodata.a7     0x000000000203b320       0xa2 c:/devkitpro/devkitarm/bin/../lib/gcc/arm-none-eabi/10.1.0/../../../../arm-none-eabi/lib/thumb\libg.a(lib_a-jp2uc.o)
 *fill*         0x000000000203b3c2        0x2 ff
 .rodata.a8     0x000000000203b3c4       0x40 c:/devkitpro/devkitarm/bin/../lib/gcc/arm-none-eabi/10.1.0/../../../../arm-none-eabi/lib/thumb\libg.a(lib_a-jp2uc.o)
 .rodata.b02cf  0x000000000203b404     0x172a c:/devkitpro/devkitarm/bin/../lib/gcc/arm-none-eabi/10.1.0/../../../../arm-none-eabi/lib/thumb\libg.a(lib_a-jp2uc.o)
 *fill*         0x000000000203cb2e        0x2 ff
 .rodata.d02f4  0x000000000203cb30     0x1a7c c:/devkitpro/devkitarm/bin/../lib/gcc/arm-none-eabi/10.1.0/../../../../arm-none-eabi/lib/thumb\libg.a(lib_a-jp2uc.o)
 .rodata.categories
                0x000000000203e5ac     0x31e6 c:/devkitpro/devkitarm/bin/../lib/gcc/arm-none-eabi/10.1.0/../../../../arm-none-eabi/lib/thumb\libg.a(lib_a-categories.o)
 *fill*         0x0000000002041792        0x2 ff
 .rodata.AddDevice.str1.4
                0x0000000002041794        0x8 c:/devkitpro/devkitarm/bin/../lib/gcc/arm-none-eabi/10.1.0/../../../../arm-none-eabi/lib/thumb\libsysbase.a(iosupport.o)
 .rodata.dotab_stdnull
                0x000000000204179c       0x70 c:/devkitpro/devkitarm/bin/../lib/gcc/arm-none-eabi/10.1.0/../../../../arm-none-eabi/lib/thumb\libsysbase.a(iosupport.o)
                0x000000000204179c                dotab_stdnull
 *(EXCLUDE_FILE(*.twl*) .gnu.linkonce.r*)
                0x000000000204180c                . = ALIGN (0x4)

.ARM.extab
 *(.ARM.extab* .gnu.linkonce.armextab.*)
                0x000000000204180c                __exidx_start = .

ARM.exidx
 *(.ARM.exidx* .gnu.linkonce.armexidx.*)
                0x000000000204180c                __exidx_end = .
                0x000000000204180c                . = ALIGN (0x4)
                0x000000000204180c                PROVIDE (__preinit_array_start = .)

.preinit_array
 *(.preinit_array)
                0x000000000204180c                PROVIDE (__preinit_array_end = .)
                0x000000000204180c                PROVIDE (__init_array_start = .)

.init_array     0x000000000204180c        0x4
 *(SORT_BY_NAME(.init_array.*))
 *(.init_array)
 .init_array    0x000000000204180c        0x4 c:/devkitpro/devkitarm/bin/../lib/gcc/arm-none-eabi/10.1.0/thumb/crtbegin.o
                0x0000000002041810                PROVIDE (__init_array_end = .)
                [!provide]                        PROVIDE (__fini_array_start = .)

.fini_array     0x0000000002041810        0x4
 *(.fini_array)
 .fini_array    0x0000000002041810        0x4 c:/devkitpro/devkitarm/bin/../lib/gcc/arm-none-eabi/10.1.0/thumb/crtbegin.o
 *(SORT_BY_NAME(.fini_array.*))
                [!provide]                        PROVIDE (__fini_array_end = .)

.ctors          0x0000000002041814        0x0
 *crtbegin.o(.ctors)
 *(EXCLUDE_FILE(*crtend.o) .ctors)
 *(SORT_BY_NAME(.ctors.*))
 *(.ctors)
                0x0000000002041814                . = ALIGN (0x4)

.dtors          0x0000000002041814        0x0
 *crtbegin.o(.dtors)
 *(EXCLUDE_FILE(*crtend.o) .dtors)
 *(SORT_BY_NAME(.dtors.*))
 *(.dtors)
                0x0000000002041814                . = ALIGN (0x4)

.eh_frame       0x0000000002041814        0x4
 *(.eh_frame)
 .eh_frame      0x0000000002041814        0x0 c:/devkitpro/devkitarm/bin/../lib/gcc/arm-none-eabi/10.1.0/thumb/crtbegin.o
 .eh_frame      0x0000000002041814        0x4 c:/devkitpro/devkitarm/bin/../lib/gcc/arm-none-eabi/10.1.0/thumb/crtend.o
                0x0000000002041818                . = ALIGN (0x4)

.gcc_except_table
                0x0000000002041818        0x0
 *(.gcc_except_table)
                0x0000000002041818                . = ALIGN (0x4)

.jcr
 *(.jcr)

.got
 *(.got.plt)
 *(.got)
 *(.rel.got)

.ewram          0x0000000002041818        0x0
                0x0000000002041818                __ewram_start = ABSOLUTE (.)
 *(.ewram)
 *ewram.*(.text)
                0x0000000002041818                . = ALIGN (0x4)

.data           0x0000000002041818     0x27c4
                0x0000000002041818                __data_start = ABSOLUTE (.)
 *(EXCLUDE_FILE(*.twl*) .data)
 .data          0x0000000002041818       0x34 ChromeGame.o
                0x0000000002041818                NightColorCoef
                0x000000000204181c                AnimSprite1Id
                0x0000000002041820                TimeBeforeRestart
                0x0000000002041824                Speed
                0x0000000002041828                NextScore
                0x000000000204182c                NextObstacle
                0x0000000002041830                AnimCount
                0x0000000002041834                NextPointSound
                0x0000000002041838                NextNight
                0x000000000204183c                NextDecor
                0x0000000002041840                NextBlinkAnim
                0x0000000002041844                DebugMode
                0x0000000002041848                AnimSprite2Id
 .data          0x000000000204184c       0x28 C:/devkitPro/libnds/lib\libnds9.a(mpu_setup.o)
 *(EXCLUDE_FILE(*.twl*) .data.*)
 .data.bgControl
                0x0000000002041874       0x20 C:/devkitPro/libnds/lib\libnds9.a(background.o)
                0x0000000002041874                bgControl
 .data.bgScrollTable
                0x0000000002041894       0x20 C:/devkitPro/libnds/lib\libnds9.a(background.o)
                0x0000000002041894                bgScrollTable
 .data.bgTransform
                0x00000000020418b4       0x20 C:/devkitPro/libnds/lib\libnds9.a(background.o)
                0x00000000020418b4                bgTransform
 .data.currentConsole
                0x00000000020418d4        0x4 C:/devkitPro/libnds/lib\libnds9.a(console.o)
                0x00000000020418d4                currentConsole
 .data.defaultConsole
                0x00000000020418d8       0x5c C:/devkitPro/libnds/lib\libnds9.a(console.o)
                0x00000000020418d8                defaultConsole
 .data.firstConsoleInit.0
                0x0000000002041934        0x1 C:/devkitPro/libnds/lib\libnds9.a(console.o)
 *fill*         0x0000000002041935        0x3 ff
 .data.oamMain  0x0000000002041938       0x18 C:/devkitPro/libnds/lib\libnds9.a(sprite.o)
                0x0000000002041938                oamMain
 .data.count    0x0000000002041950        0x1 C:/devkitPro/libnds/lib\libnds9.a(keys.o)
 .data.delay    0x0000000002041951        0x1 C:/devkitPro/libnds/lib\libnds9.a(keys.o)
 .data.repeat   0x0000000002041952        0x1 C:/devkitPro/libnds/lib\libnds9.a(keys.o)
 *fill*         0x0000000002041953        0x1 ff
 .data.fifo_buffer_free
                0x0000000002041954        0x4 C:/devkitPro/libnds/lib\libnds9.a(fifosystem.o)
                0x0000000002041954                fifo_buffer_free
 .data.fifo_freewords
                0x0000000002041958        0x4 C:/devkitPro/libnds/lib\libnds9.a(fifosystem.o)
                0x0000000002041958                fifo_freewords
 .data.fifo_receive_queue
                0x000000000204195c        0x4 C:/devkitPro/libnds/lib\libnds9.a(fifosystem.o)
                0x000000000204195c                fifo_receive_queue
 .data.fifo_send_queue
                0x0000000002041960        0x4 C:/devkitPro/libnds/lib\libnds9.a(fifosystem.o)
                0x0000000002041960                fifo_send_queue
 .data.__sfp_recursive_mutex
                0x0000000002041964        0xc c:/devkitpro/devkitarm/bin/../lib/gcc/arm-none-eabi/10.1.0/../../../../arm-none-eabi/lib/thumb\libg.a(lib_a-findfp.o)
 .data.__sinit_recursive_mutex
                0x0000000002041970        0xc c:/devkitpro/devkitarm/bin/../lib/gcc/arm-none-eabi/10.1.0/../../../../arm-none-eabi/lib/thumb\libg.a(lib_a-findfp.o)
 .data._impure_ptr
                0x000000000204197c        0x4 c:/devkitpro/devkitarm/bin/../lib/gcc/arm-none-eabi/10.1.0/../../../../arm-none-eabi/lib/thumb\libg.a(lib_a-impure.o)
                0x000000000204197c                _impure_ptr
 .data.impure_data